../Core/Src/main.c:98:5:main	4664	dynamic,ignoring_inline_asm
../Core/Src/main.c:366:6:SystemClock_Config	96	static
../Core/Src/main.c:418:13:MX_DAC1_Init	48	static
../Core/Src/main.c:468:13:MX_I2C1_Init	8	static
../Core/Src/main.c:516:13:MX_I2C2_Init	8	static
../Core/Src/main.c:564:13:MX_SDMMC1_SD_Init	4	static
../Core/Src/main.c:592:13:MX_SPI1_Init	8	static
../Core/Src/main.c:632:13:MX_SPI2_Init	8	static
../Core/Src/main.c:672:13:MX_TIM16_Init	8	static
../Core/Src/main.c:704:13:MX_USART1_UART_Init	8	static
../Core/Src/main.c:739:13:MX_USB_OTG_FS_HCD_Init	8	static
../Core/Src/main.c:768:13:MX_DMA_Init	16	static
../Core/Src/main.c:789:13:MX_GPIO_Init	48	static
../Core/Src/main.c:876:5:__io_putchar	16	static
../Core/Src/main.c:886:6:HAL_TIM_PeriodElapsedCallback	16	static
../Core/Src/main.c:897:6:Error_Handler	4	static,ignoring_inline_asm
