Archive member included to satisfy reference by file (symbol)

c:/devel/stm32cubeide_1.9.0/stm32cubeide/plugins/com.st.stm32cube.ide.mcu.externaltools.gnu-tools-for-stm32.10.3-2021.10.win32_1.0.0.202111181127/tools/bin/../lib/gcc/arm-none-eabi/10.3.1/../../../../arm-none-eabi/lib/thumb/v7e-m+fp/hard\libc_nano.a(lib_a-errno.o)
                              ./Core/Src/syscalls.o (__errno)
c:/devel/stm32cubeide_1.9.0/stm32cubeide/plugins/com.st.stm32cube.ide.mcu.externaltools.gnu-tools-for-stm32.10.3-2021.10.win32_1.0.0.202111181127/tools/bin/../lib/gcc/arm-none-eabi/10.3.1/../../../../arm-none-eabi/lib/thumb/v7e-m+fp/hard\libc_nano.a(lib_a-exit.o)
                              c:/devel/stm32cubeide_1.9.0/stm32cubeide/plugins/com.st.stm32cube.ide.mcu.externaltools.gnu-tools-for-stm32.10.3-2021.10.win32_1.0.0.202111181127/tools/bin/../lib/gcc/arm-none-eabi/10.3.1/../../../../arm-none-eabi/lib/thumb/v7e-m+fp/hard/crt0.o (exit)
c:/devel/stm32cubeide_1.9.0/stm32cubeide/plugins/com.st.stm32cube.ide.mcu.externaltools.gnu-tools-for-stm32.10.3-2021.10.win32_1.0.0.202111181127/tools/bin/../lib/gcc/arm-none-eabi/10.3.1/../../../../arm-none-eabi/lib/thumb/v7e-m+fp/hard\libc_nano.a(lib_a-impure.o)
                              c:/devel/stm32cubeide_1.9.0/stm32cubeide/plugins/com.st.stm32cube.ide.mcu.externaltools.gnu-tools-for-stm32.10.3-2021.10.win32_1.0.0.202111181127/tools/bin/../lib/gcc/arm-none-eabi/10.3.1/../../../../arm-none-eabi/lib/thumb/v7e-m+fp/hard\libc_nano.a(lib_a-exit.o) (_global_impure_ptr)
c:/devel/stm32cubeide_1.9.0/stm32cubeide/plugins/com.st.stm32cube.ide.mcu.externaltools.gnu-tools-for-stm32.10.3-2021.10.win32_1.0.0.202111181127/tools/bin/../lib/gcc/arm-none-eabi/10.3.1/../../../../arm-none-eabi/lib/thumb/v7e-m+fp/hard\libc_nano.a(lib_a-init.o)
                              c:/devel/stm32cubeide_1.9.0/stm32cubeide/plugins/com.st.stm32cube.ide.mcu.externaltools.gnu-tools-for-stm32.10.3-2021.10.win32_1.0.0.202111181127/tools/bin/../lib/gcc/arm-none-eabi/10.3.1/../../../../arm-none-eabi/lib/thumb/v7e-m+fp/hard/crt0.o (__libc_init_array)
c:/devel/stm32cubeide_1.9.0/stm32cubeide/plugins/com.st.stm32cube.ide.mcu.externaltools.gnu-tools-for-stm32.10.3-2021.10.win32_1.0.0.202111181127/tools/bin/../lib/gcc/arm-none-eabi/10.3.1/../../../../arm-none-eabi/lib/thumb/v7e-m+fp/hard\libc_nano.a(lib_a-memcpy-stub.o)
                              ./Core/Src/fram_func.o (memcpy)
c:/devel/stm32cubeide_1.9.0/stm32cubeide/plugins/com.st.stm32cube.ide.mcu.externaltools.gnu-tools-for-stm32.10.3-2021.10.win32_1.0.0.202111181127/tools/bin/../lib/gcc/arm-none-eabi/10.3.1/../../../../arm-none-eabi/lib/thumb/v7e-m+fp/hard\libc_nano.a(lib_a-memset.o)
                              c:/devel/stm32cubeide_1.9.0/stm32cubeide/plugins/com.st.stm32cube.ide.mcu.externaltools.gnu-tools-for-stm32.10.3-2021.10.win32_1.0.0.202111181127/tools/bin/../lib/gcc/arm-none-eabi/10.3.1/../../../../arm-none-eabi/lib/thumb/v7e-m+fp/hard/crt0.o (memset)
c:/devel/stm32cubeide_1.9.0/stm32cubeide/plugins/com.st.stm32cube.ide.mcu.externaltools.gnu-tools-for-stm32.10.3-2021.10.win32_1.0.0.202111181127/tools/bin/../lib/gcc/arm-none-eabi/10.3.1/../../../../arm-none-eabi/lib/thumb/v7e-m+fp/hard\libc_nano.a(lib_a-sprintf.o)
                              ./Core/Src/main.o (sprintf)
c:/devel/stm32cubeide_1.9.0/stm32cubeide/plugins/com.st.stm32cube.ide.mcu.externaltools.gnu-tools-for-stm32.10.3-2021.10.win32_1.0.0.202111181127/tools/bin/../lib/gcc/arm-none-eabi/10.3.1/../../../../arm-none-eabi/lib/thumb/v7e-m+fp/hard\libc_nano.a(lib_a-nano-svfprintf.o)
                              c:/devel/stm32cubeide_1.9.0/stm32cubeide/plugins/com.st.stm32cube.ide.mcu.externaltools.gnu-tools-for-stm32.10.3-2021.10.win32_1.0.0.202111181127/tools/bin/../lib/gcc/arm-none-eabi/10.3.1/../../../../arm-none-eabi/lib/thumb/v7e-m+fp/hard\libc_nano.a(lib_a-sprintf.o) (_svfprintf_r)
c:/devel/stm32cubeide_1.9.0/stm32cubeide/plugins/com.st.stm32cube.ide.mcu.externaltools.gnu-tools-for-stm32.10.3-2021.10.win32_1.0.0.202111181127/tools/bin/../lib/gcc/arm-none-eabi/10.3.1/../../../../arm-none-eabi/lib/thumb/v7e-m+fp/hard\libc_nano.a(lib_a-nano-vfprintf_i.o)
                              c:/devel/stm32cubeide_1.9.0/stm32cubeide/plugins/com.st.stm32cube.ide.mcu.externaltools.gnu-tools-for-stm32.10.3-2021.10.win32_1.0.0.202111181127/tools/bin/../lib/gcc/arm-none-eabi/10.3.1/../../../../arm-none-eabi/lib/thumb/v7e-m+fp/hard\libc_nano.a(lib_a-nano-svfprintf.o) (_printf_i)
c:/devel/stm32cubeide_1.9.0/stm32cubeide/plugins/com.st.stm32cube.ide.mcu.externaltools.gnu-tools-for-stm32.10.3-2021.10.win32_1.0.0.202111181127/tools/bin/../lib/gcc/arm-none-eabi/10.3.1/../../../../arm-none-eabi/lib/thumb/v7e-m+fp/hard\libc_nano.a(lib_a-memchr.o)
[...]
Memory Configuration

Name             Origin             Length             Attributes
RAM              0x0000000020000000 0x0000000000050000 xrw
RAM2             0x0000000010000000 0x0000000000010000 xrw
FLASH            0x0000000008000000 0x0000000000100000 xr
*default*        0x0000000000000000 0xffffffffffffffff

Linker script and memory map

LOAD c:/devel/stm32cubeide_1.9.0/stm32cubeide/plugins/com.st.stm32cube.ide.mcu.externaltools.gnu-tools-for-stm32.10.3-2021.10.win32_1.0.0.202111181127/tools/bin/../lib/gcc/arm-none-eabi/10.3.1/thumb/v7e-m+fp/hard/crti.o
LOAD c:/devel/stm32cubeide_1.9.0/stm32cubeide/plugins/com.st.stm32cube.ide.mcu.externaltools.gnu-tools-for-stm32.10.3-2021.10.win32_1.0.0.202111181127/tools/bin/../lib/gcc/arm-none-eabi/10.3.1/thumb/v7e-m+fp/hard/crtbegin.o
LOAD c:/devel/stm32cubeide_1.9.0/stm32cubeide/plugins/com.st.stm32cube.ide.mcu.externaltools.gnu-tools-for-stm32.10.3-2021.10.win32_1.0.0.202111181127/tools/bin/../lib/gcc/arm-none-eabi/10.3.1/../../../../arm-none-eabi/lib/thumb/v7e-m+fp/hard/crt0.o
LOAD ./Core/Src/fram_func.o
LOAD ./Core/Src/isrs.o
LOAD ./Core/Src/main.o
LOAD ./Core/Src/sd_card_func.o
LOAD ./Core/Src/stm32l4xx_hal_msp.o
LOAD ./Core/Src/stm32l4xx_it.o
LOAD ./Core/Src/syscalls.o
LOAD ./Core/Src/sysmem.o
LOAD ./Core/Src/system_stm32l4xx.o
LOAD ./Core/Startup/startup_stm32l496rgtx.o
LOAD ./Drivers/STM32L4xx_HAL_Driver/Src/stm32l4xx_hal.o
LOAD ./Drivers/STM32L4xx_HAL_Driver/Src/stm32l4xx_hal_cortex.o
LOAD ./Drivers/STM32L4xx_HAL_Driver/Src/stm32l4xx_hal_dac.o
LOAD ./Drivers/STM32L4xx_HAL_Driver/Src/stm32l4xx_hal_dac_ex.o
LOAD ./Drivers/STM32L4xx_HAL_Driver/Src/stm32l4xx_hal_dma.o
LOAD ./Drivers/STM32L4xx_HAL_Driver/Src/stm32l4xx_hal_dma_ex.o
LOAD ./Drivers/STM32L4xx_HAL_Driver/Src/stm32l4xx_hal_exti.o
LOAD ./Drivers/STM32L4xx_HAL_Driver/Src/stm32l4xx_hal_flash.o
LOAD ./Drivers/STM32L4xx_HAL_Driver/Src/stm32l4xx_hal_flash_ex.o
LOAD ./Drivers/STM32L4xx_HAL_Driver/Src/stm32l4xx_hal_flash_ramfunc.o
LOAD ./Drivers/STM32L4xx_HAL_Driver/Src/stm32l4xx_hal_gpio.o
LOAD ./Drivers/STM32L4xx_HAL_Driver/Src/stm32l4xx_hal_hcd.o
LOAD ./Drivers/STM32L4xx_HAL_Driver/Src/stm32l4xx_hal_i2c.o
LOAD ./Drivers/STM32L4xx_HAL_Driver/Src/stm32l4xx_hal_i2c_ex.o
LOAD ./Drivers/STM32L4xx_HAL_Driver/Src/stm32l4xx_hal_pwr.o
LOAD ./Drivers/STM32L4xx_HAL_Driver/Src/stm32l4xx_hal_pwr_ex.o
LOAD ./Drivers/STM32L4xx_HAL_Driver/Src/stm32l4xx_hal_rcc.o
LOAD ./Drivers/STM32L4xx_HAL_Driver/Src/stm32l4xx_hal_rcc_ex.o
LOAD ./Drivers/STM32L4xx_HAL_Driver/Src/stm32l4xx_hal_sd.o
LOAD ./Drivers/STM32L4xx_HAL_Driver/Src/stm32l4xx_hal_sd_ex.o
LOAD ./Drivers/STM32L4xx_HAL_Driver/Src/stm32l4xx_hal_spi.o
LOAD ./Drivers/STM32L4xx_HAL_Driver/Src/stm32l4xx_hal_spi_ex.o
LOAD ./Drivers/STM32L4xx_HAL_Driver/Src/stm32l4xx_hal_tim.o
LOAD ./Drivers/STM32L4xx_HAL_Driver/Src/stm32l4xx_hal_tim_ex.o
LOAD ./Drivers/STM32L4xx_HAL_Driver/Src/stm32l4xx_hal_uart.o
LOAD ./Drivers/STM32L4xx_HAL_Driver/Src/stm32l4xx_hal_uart_ex.o
LOAD ./Drivers/STM32L4xx_HAL_Driver/Src/stm32l4xx_ll_sdmmc.o
LOAD ./Drivers/STM32L4xx_HAL_Driver/Src/stm32l4xx_ll_usb.o
LOAD ./FATFS/App/fatfs.o
LOAD ./FATFS/Target/bsp_driver_sd.o
LOAD ./FATFS/Target/fatfs_platform.o
LOAD ./FATFS/Target/sd_diskio.o
LOAD ./Middlewares/Third_Party/FatFs/src/diskio.o
LOAD ./Middlewares/Third_Party/FatFs/src/ff.o
LOAD ./Middlewares/Third_Party/FatFs/src/ff_gen_drv.o
LOAD ./Middlewares/Third_Party/FatFs/src/option/syscall.o
START GROUP
LOAD c:/devel/stm32cubeide_1.9.0/stm32cubeide/plugins/com.st.stm32cube.ide.mcu.externaltools.gnu-tools-for-stm32.10.3-2021.10.win32_1.0.0.202111181127/tools/bin/../lib/gcc/arm-none-eabi/10.3.1/../../../../arm-none-eabi/lib/thumb/v7e-m+fp/hard\libc_nano.a
LOAD c:/devel/stm32cubeide_1.9.0/stm32cubeide/plugins/com.st.stm32cube.ide.mcu.externaltools.gnu-tools-for-stm32.10.3-2021.10.win32_1.0.0.202111181127/tools/bin/../lib/gcc/arm-none-eabi/10.3.1/../../../../arm-none-eabi/lib/thumb/v7e-m+fp/hard\libm.a
END GROUP
START GROUP
LOAD c:/devel/stm32cubeide_1.9.0/stm32cubeide/plugins/com.st.stm32cube.ide.mcu.externaltools.gnu-tools-for-stm32.10.3-2021.10.win32_1.0.0.202111181127/tools/bin/../lib/gcc/arm-none-eabi/10.3.1/thumb/v7e-m+fp/hard\libgcc.a
LOAD c:/devel/stm32cubeide_1.9.0/stm32cubeide/plugins/com.st.stm32cube.ide.mcu.externaltools.gnu-tools-for-stm32.10.3-2021.10.win32_1.0.0.202111181127/tools/bin/../lib/gcc/arm-none-eabi/10.3.1/../../../../arm-none-eabi/lib/thumb/v7e-m+fp/hard\libc_nano.a
END GROUP
START GROUP
LOAD c:/devel/stm32cubeide_1.9.0/stm32cubeide/plugins/com.st.stm32cube.ide.mcu.externaltools.gnu-tools-for-stm32.10.3-2021.10.win32_1.0.0.202111181127/tools/bin/../lib/gcc/arm-none-eabi/10.3.1/thumb/v7e-m+fp/hard\libgcc.a
LOAD c:/devel/stm32cubeide_1.9.0/stm32cubeide/plugins/com.st.stm32cube.ide.mcu.externaltools.gnu-tools-for-stm32.10.3-2021.10.win32_1.0.0.202111181127/tools/bin/../lib/gcc/arm-none-eabi/10.3.1/../../../../arm-none-eabi/lib/thumb/v7e-m+fp/hard\libc_nano.a
LOAD c:/devel/stm32cubeide_1.9.0/stm32cubeide/plugins/com.st.stm32cube.ide.mcu.externaltools.gnu-tools-for-stm32.10.3-2021.10.win32_1.0.0.202111181127/tools/bin/../lib/gcc/arm-none-eabi/10.3.1/../../../../arm-none-eabi/lib/thumb/v7e-m+fp/hard\libnosys.a
END GROUP
START GROUP
LOAD c:/devel/stm32cubeide_1.9.0/stm32cubeide/plugins/com.st.stm32cube.ide.mcu.externaltools.gnu-tools-for-stm32.10.3-2021.10.win32_1.0.0.202111181127/tools/bin/../lib/gcc/arm-none-eabi/10.3.1/thumb/v7e-m+fp/hard\libgcc.a
LOAD c:/devel/stm32cubeide_1.9.0/stm32cubeide/plugins/com.st.stm32cube.ide.mcu.externaltools.gnu-tools-for-stm32.10.3-2021.10.win32_1.0.0.202111181127/tools/bin/../lib/gcc/arm-none-eabi/10.3.1/../../../../arm-none-eabi/lib/thumb/v7e-m+fp/hard\libc_nano.a
LOAD c:/devel/stm32cubeide_1.9.0/stm32cubeide/plugins/com.st.stm32cube.ide.mcu.externaltools.gnu-tools-for-stm32.10.3-2021.10.win32_1.0.0.202111181127/tools/bin/../lib/gcc/arm-none-eabi/10.3.1/../../../../arm-none-eabi/lib/thumb/v7e-m+fp/hard\libnosys.a
END GROUP
LOAD c:/devel/stm32cubeide_1.9.0/stm32cubeide/plugins/com.st.stm32cube.ide.mcu.externaltools.gnu-tools-for-stm32.10.3-2021.10.win32_1.0.0.202111181127/tools/bin/../lib/gcc/arm-none-eabi/10.3.1/thumb/v7e-m+fp/hard/crtend.o
LOAD c:/devel/stm32cubeide_1.9.0/stm32cubeide/plugins/com.st.stm32cube.ide.mcu.externaltools.gnu-tools-for-stm32.10.3-2021.10.win32_1.0.0.202111181127/tools/bin/../lib/gcc/arm-none-eabi/10.3.1/thumb/v7e-m+fp/hard/crtn.o
                0x0000000020050000                _estack = (ORIGIN (RAM) + LENGTH (RAM))
                0x0000000000001000                _Min_Heap_Size = 0x1000
                0x0000000000001000                _Min_Stack_Size = 0x1000

.isr_vector     0x0000000008000000      0x1ac
                0x0000000008000000                . = ALIGN (0x4)
 *(.isr_vector)
 .isr_vector    0x0000000008000000      0x1ac ./Core/Startup/startup_stm32l496rgtx.o
                0x0000000008000000                g_pfnVectors
                0x00000000080001ac                . = ALIGN (0x4)

.text           0x00000000080001b0     0xe59c
                0x00000000080001b0                . = ALIGN (0x4)
 *(.text)
 .text          0x00000000080001b0       0x40 c:/devel/stm32cubeide_1.9.0/stm32cubeide/plugins/com.st.stm32cube.ide.mcu.externaltools.gnu-tools-for-stm32.10.3-2021.10.win32_1.0.0.202111181127/tools/bin/../lib/gcc/arm-none-eabi/10.3.1/thumb/v7e-m+fp/hard/crtbegin.o
 .text          0x00000000080001f0       0xa0 c:/devel/stm32cubeide_1.9.0/stm32cubeide/plugins/com.st.stm32cube.ide.mcu.externaltools.gnu-tools-for-stm32.10.3-2021.10.win32_1.0.0.202111181127/tools/bin/../lib/gcc/arm-none-eabi/10.3.1/../../../../arm-none-eabi/lib/thumb/v7e-m+fp/hard\libc_nano.a(lib_a-memchr.o)
                0x00000000080001f0                memchr
 .text          0x0000000008000290      0x378 c:/devel/stm32cubeide_1.9.0/stm32cubeide/plugins/com.st.stm32cube.ide.mcu.externaltools.gnu-tools-for-stm32.10.3-2021.10.win32_1.0.0.202111181127/tools/bin/../lib/gcc/arm-none-eabi/10.3.1/thumb/v7e-m+fp/hard\libgcc.a(_arm_addsubdf3.o)
                0x0000000008000290                __aeabi_drsub
                0x0000000008000298                __aeabi_dsub
                0x0000000008000298                __subdf3
                0x000000000800029c                __aeabi_dadd
                0x000000000800029c                __adddf3
                0x0000000008000514                __floatunsidf
                0x0000000008000514                __aeabi_ui2d
                0x0000000008000534                __floatsidf
                0x0000000008000534                __aeabi_i2d
                0x0000000008000558                __aeabi_f2d
                0x0000000008000558                __extendsfdf2
                0x000000000800059c                __floatundidf
                0x000000000800059c                __aeabi_ul2d
                0x00000000080005ac                __floatdidf
                0x00000000080005ac                __aeabi_l2d
 .text          0x0000000008000608      0x424 c:/devel/stm32cubeide_1.9.0/stm32cubeide/plugins/com.st.stm32cube.ide.mcu.externaltools.gnu-tools-for-stm32.10.3-2021.10.win32_1.0.0.202111181127/tools/bin/../lib/gcc/arm-none-eabi/10.3.1/thumb/v7e-m+fp/hard\libgcc.a(_arm_muldivdf3.o)
                0x0000000008000608                __aeabi_dmul
                0x0000000008000608                __muldf3
                0x000000000800085c                __divdf3
                0x000000000800085c                __aeabi_ddiv
 .text          0x0000000008000a2c      0x110 c:/devel/stm32cubeide_1.9.0/stm32cubeide/plugins/com.st.stm32cube.ide.mcu.externaltools.gnu-tools-for-stm32.10.3-2021.10.win32_1.0.0.202111181127/tools/bin/../lib/gcc/arm-none-eabi/10.3.1/thumb/v7e-m+fp/hard\libgcc.a(_arm_cmpdf2.o)
                0x0000000008000a2c                __gtdf2
                0x0000000008000a2c                __gedf2
                0x0000000008000a34                __ltdf2
                0x0000000008000a34                __ledf2
                0x0000000008000a3c                __nedf2
                0x0000000008000a3c                __eqdf2
                0x0000000008000a3c                __cmpdf2
                0x0000000008000ab8                __aeabi_cdrcmple
                0x0000000008000ac8                __aeabi_cdcmpeq
                0x0000000008000ac8                __aeabi_cdcmple
                0x0000000008000ad8                __aeabi_dcmpeq
                0x0000000008000aec                __aeabi_dcmplt
                0x0000000008000b00                __aeabi_dcmple
                0x0000000008000b14                __aeabi_dcmpge
                0x0000000008000b28                __aeabi_dcmpgt
 .text          0x0000000008000b3c       0x2c c:/devel/stm32cubeide_1.9.0/stm32cubeide/plugins/com.st.stm32cube.ide.mcu.externaltools.gnu-tools-for-stm32.10.3-2021.10.win32_1.0.0.202111181127/tools/bin/../lib/gcc/arm-none-eabi/10.3.1/thumb/v7e-m+fp/hard\libgcc.a(_arm_unorddf2.o)
                0x0000000008000b3c                __unorddf2
                0x0000000008000b3c                __aeabi_dcmpun
 .text          0x0000000008000b68       0x40 c:/devel/stm32cubeide_1.9.0/stm32cubeide/plugins/com.st.stm32cube.ide.mcu.externaltools.gnu-tools-for-stm32.10.3-2021.10.win32_1.0.0.202111181127/tools/bin/../lib/gcc/arm-none-eabi/10.3.1/thumb/v7e-m+fp/hard\libgcc.a(_arm_fixunsdfsi.o)
                0x0000000008000b68                __aeabi_d2uiz
                0x0000000008000b68                __fixunsdfsi
 .text          0x0000000008000ba8       0x30 c:/devel/stm32cubeide_1.9.0/stm32cubeide/plugins/com.st.stm32cube.ide.mcu.externaltools.gnu-tools-for-stm32.10.3-2021.10.win32_1.0.0.202111181127/tools/bin/../lib/gcc/arm-none-eabi/10.3.1/thumb/v7e-m+fp/hard\libgcc.a(_aeabi_uldivmod.o)
                0x0000000008000ba8                __aeabi_uldivmod
 .text          0x0000000008000bd8      0x2d0 c:/devel/stm32cubeide_1.9.0/stm32cubeide/plugins/com.st.stm32cube.ide.mcu.externaltools.gnu-tools-for-stm32.10.3-2021.10.win32_1.0.0.202111181127/tools/bin/../lib/gcc/arm-none-eabi/10.3.1/thumb/v7e-m+fp/hard\libgcc.a(_udivmoddi4.o)
                0x0000000008000bd8                __udivmoddi4
 .text          0x0000000008000ea8        0x4 c:/devel/stm32cubeide_1.9.0/stm32cubeide/plugins/com.st.stm32cube.ide.mcu.externaltools.gnu-tools-for-stm32.10.3-2021.10.win32_1.0.0.202111181127/tools/bin/../lib/gcc/arm-none-eabi/10.3.1/thumb/v7e-m+fp/hard\libgcc.a(_dvmd_tls.o)
                0x0000000008000ea8                __aeabi_idiv0
                0x0000000008000ea8                __aeabi_ldiv0
 *(.text*)
 .text.FRAM_write_reg
                0x0000000008000eac       0x50 ./Core/Src/fram_func.o
                0x0000000008000eac                FRAM_write_reg
 .text.FRAM_reset_reg
                0x0000000008000efc       0x50 ./Core/Src/fram_func.o
                0x0000000008000efc                FRAM_reset_reg
 .text.FRAM_read
                0x0000000008000f4c      0x1c0 ./Core/Src/fram_func.o
                0x0000000008000f4c                FRAM_read
 .text.setTriggChannel
                0x000000000800110c       0x94 ./Core/Src/fram_func.o
                0x000000000800110c                setTriggChannel
 .text.PIN_reset
                0x00000000080011a0       0x3a ./Core/Src/fram_func.o
                0x00000000080011a0                PIN_reset
 *fill*         0x00000000080011da        0x2 
 .text.LED_on   0x00000000080011dc       0xa4 ./Core/Src/fram_func.o
                0x00000000080011dc                LED_on
 .text.LED_off  0x0000000008001280       0x34 ./Core/Src/fram_func.o
                0x0000000008001280                LED_off
 .text.HAL_GPIO_EXTI_Callback
                0x00000000080012b4       0x74 ./Core/Src/isrs.o
                0x00000000080012b4                HAL_GPIO_EXTI_Callback
 .text.main     0x0000000008001328      0x90c ./Core/Src/main.o
                0x0000000008001328                main
 .text.SystemClock_Config
                0x0000000008001c34       0xa8 ./Core/Src/main.o
                0x0000000008001c34                SystemClock_Config
 .text.MX_DAC1_Init
                0x0000000008001cdc       0x78 ./Core/Src/main.o
 .text.MX_I2C1_Init
                0x0000000008001d54       0x80 ./Core/Src/main.o
 .text.MX_I2C2_Init
                0x0000000008001dd4       0x80 ./Core/Src/main.o
 .text.MX_SDMMC1_SD_Init
                0x0000000008001e54       0x40 ./Core/Src/main.o
 .text.MX_SPI1_Init
                0x0000000008001e94       0x7c ./Core/Src/main.o
 .text.MX_SPI2_Init
                0x0000000008001f10       0x7c ./Core/Src/main.o
 .text.MX_TIM16_Init
                0x0000000008001f8c       0x50 ./Core/Src/main.o
 .text.MX_USART1_UART_Init
                0x0000000008001fdc       0x60 ./Core/Src/main.o
 .text.MX_USB_OTG_FS_HCD_Init
                0x000000000800203c       0x44 ./Core/Src/main.o
 .text.MX_DMA_Init
                0x0000000008002080       0x4c ./Core/Src/main.o
 .text.MX_GPIO_Init
                0x00000000080020cc      0x1c8 ./Core/Src/main.o
 .text.HAL_TIM_PeriodElapsedCallback
                0x0000000008002294       0x28 ./Core/Src/main.o
                0x0000000008002294                HAL_TIM_PeriodElapsedCallback
 .text.Error_Handler
                0x00000000080022bc        0xa ./Core/Src/main.o
                0x00000000080022bc                Error_Handler
 *fill*         0x00000000080022c6        0x2 
 .text.SD_create_file
                0x00000000080022c8       0x88 ./Core/Src/sd_card_func.o
                0x00000000080022c8                SD_create_file
 .text.SD_write_data
                0x0000000008002350       0xdc ./Core/Src/sd_card_func.o
                0x0000000008002350                SD_write_data
 .text.SD_read_data
                0x000000000800242c       0xd8 ./Core/Src/sd_card_func.o
                0x000000000800242c                SD_read_data
 *fill*         0x0000000008002504        0x4 
 .text.initValue
                0x0000000008002508      0x264 ./Core/Src/sd_card_func.o
                0x0000000008002508                initValue
 .text.HAL_MspInit
                0x000000000800276c       0x48 ./Core/Src/stm32l4xx_hal_msp.o
                0x000000000800276c                HAL_MspInit
 .text.HAL_DAC_MspInit
                0x00000000080027b4       0x7c ./Core/Src/stm32l4xx_hal_msp.o
                0x00000000080027b4                HAL_DAC_MspInit
 .text.HAL_I2C_MspInit
                0x0000000008002830      0x144 ./Core/Src/stm32l4xx_hal_msp.o
                0x0000000008002830                HAL_I2C_MspInit
 .text.HAL_SD_MspInit
                0x0000000008002974      0x108 ./Core/Src/stm32l4xx_hal_msp.o
                0x0000000008002974                HAL_SD_MspInit
 .text.HAL_SPI_MspInit
                0x0000000008002a7c      0x200 ./Core/Src/stm32l4xx_hal_msp.o
                0x0000000008002a7c                HAL_SPI_MspInit
 .text.HAL_TIM_Base_MspInit
                0x0000000008002c7c       0x4c ./Core/Src/stm32l4xx_hal_msp.o
                0x0000000008002c7c                HAL_TIM_Base_MspInit
 .text.HAL_UART_MspInit
                0x0000000008002cc8      0x100 ./Core/Src/stm32l4xx_hal_msp.o
                0x0000000008002cc8                HAL_UART_MspInit
 .text.HAL_HCD_MspInit
                0x0000000008002dc8       0xf4 ./Core/Src/stm32l4xx_hal_msp.o
                0x0000000008002dc8                HAL_HCD_MspInit
 .text.NMI_Handler
                0x0000000008002ebc        0x6 ./Core/Src/stm32l4xx_it.o
                0x0000000008002ebc                NMI_Handler
 .text.HardFault_Handler
                0x0000000008002ec2        0x6 ./Core/Src/stm32l4xx_it.o
                0x0000000008002ec2                HardFault_Handler
 .text.MemManage_Handler
                0x0000000008002ec8        0x6 ./Core/Src/stm32l4xx_it.o
                0x0000000008002ec8                MemManage_Handler
 .text.BusFault_Handler
                0x0000000008002ece        0x6 ./Core/Src/stm32l4xx_it.o
                0x0000000008002ece                BusFault_Handler
 .text.UsageFault_Handler
                0x0000000008002ed4        0x6 ./Core/Src/stm32l4xx_it.o
                0x0000000008002ed4                UsageFault_Handler
 .text.SVC_Handler
                0x0000000008002eda        0xe ./Core/Src/stm32l4xx_it.o
                0x0000000008002eda                SVC_Handler
 .text.DebugMon_Handler
                0x0000000008002ee8        0xe ./Core/Src/stm32l4xx_it.o
                0x0000000008002ee8                DebugMon_Handler
 .text.PendSV_Handler
                0x0000000008002ef6        0xe ./Core/Src/stm32l4xx_it.o
                0x0000000008002ef6                PendSV_Handler
 .text.SysTick_Handler
                0x0000000008002f04        0xc ./Core/Src/stm32l4xx_it.o
                0x0000000008002f04                SysTick_Handler
 .text.EXTI4_IRQHandler
                0x0000000008002f10        0xe ./Core/Src/stm32l4xx_it.o
                0x0000000008002f10                EXTI4_IRQHandler
 *fill*         0x0000000008002f1e        0x2 
 .text.DMA1_Channel2_IRQHandler
                0x0000000008002f20       0x14 ./Core/Src/stm32l4xx_it.o
                0x0000000008002f20                DMA1_Channel2_IRQHandler
 .text.DMA1_Channel3_IRQHandler
                0x0000000008002f34       0x14 ./Core/Src/stm32l4xx_it.o
                0x0000000008002f34                DMA1_Channel3_IRQHandler
 .text.TIM1_UP_TIM16_IRQHandler
                0x0000000008002f48       0x14 ./Core/Src/stm32l4xx_it.o
                0x0000000008002f48                TIM1_UP_TIM16_IRQHandler
 .text.EXTI15_10_IRQHandler
                0x0000000008002f5c       0x20 ./Core/Src/stm32l4xx_it.o
                0x0000000008002f5c                EXTI15_10_IRQHandler
 .text._sbrk    0x0000000008002f7c       0x6c ./Core/Src/sysmem.o
                0x0000000008002f7c                _sbrk
 .text.SystemInit
                0x0000000008002fe8       0x24 ./Core/Src/system_stm32l4xx.o
                0x0000000008002fe8                SystemInit
 .text.Reset_Handler
                0x000000000800300c       0x50 ./Core/Startup/startup_stm32l496rgtx.o
                0x000000000800300c                Reset_Handler
 .text.Default_Handler
                0x000000000800305c        0x2 ./Core/Startup/startup_stm32l496rgtx.o
                0x000000000800305c                RTC_Alarm_IRQHandler
                0x000000000800305c                EXTI2_IRQHandler
                0x000000000800305c                TIM8_TRG_COM_IRQHandler
                0x000000000800305c                TIM8_CC_IRQHandler
                0x000000000800305c                TIM1_CC_IRQHandler
                0x000000000800305c                TSC_IRQHandler
                0x000000000800305c                TAMP_STAMP_IRQHandler
                0x000000000800305c                CAN2_RX1_IRQHandler
                0x000000000800305c                EXTI3_IRQHandler
                0x000000000800305c                LPTIM2_IRQHandler
                0x000000000800305c                DFSDM1_FLT1_IRQHandler
                0x000000000800305c                I2C3_ER_IRQHandler
                0x000000000800305c                DFSDM1_FLT2_IRQHandler
                0x000000000800305c                EXTI0_IRQHandler
                0x000000000800305c                I2C2_EV_IRQHandler
                0x000000000800305c                CAN1_RX0_IRQHandler
                0x000000000800305c                FPU_IRQHandler
                0x000000000800305c                CAN2_SCE_IRQHandler
                0x000000000800305c                ADC1_2_IRQHandler
                0x000000000800305c                SPI1_IRQHandler
                0x000000000800305c                TIM6_DAC_IRQHandler
                0x000000000800305c                DCMI_IRQHandler
                0x000000000800305c                CAN2_RX0_IRQHandler
                0x000000000800305c                TIM8_UP_IRQHandler
                0x000000000800305c                DMA2_Channel2_IRQHandler
                0x000000000800305c                DMA1_Channel4_IRQHandler
                0x000000000800305c                SAI2_IRQHandler
                0x000000000800305c                DFSDM1_FLT3_IRQHandler
                0x000000000800305c                USART3_IRQHandler
                0x000000000800305c                DMA1_Channel7_IRQHandler
                0x000000000800305c                CAN1_RX1_IRQHandler
                0x000000000800305c                LCD_IRQHandler
                0x000000000800305c                UART5_IRQHandler
                0x000000000800305c                ADC3_IRQHandler
                0x000000000800305c                TIM4_IRQHandler
                0x000000000800305c                DMA2_Channel1_IRQHandler
                0x000000000800305c                QUADSPI_IRQHandler
                0x000000000800305c                I2C1_EV_IRQHandler
                0x000000000800305c                DMA1_Channel6_IRQHandler
                0x000000000800305c                UART4_IRQHandler
                0x000000000800305c                DMA2_Channel4_IRQHandler
                0x000000000800305c                TIM3_IRQHandler
                0x000000000800305c                RCC_IRQHandler
                0x000000000800305c                DMA1_Channel1_IRQHandler
                0x000000000800305c                Default_Handler
                0x000000000800305c                DMA2_Channel7_IRQHandler
                0x000000000800305c                TIM7_IRQHandler
                0x000000000800305c                SDMMC1_IRQHandler
                0x000000000800305c                CAN2_TX_IRQHandler
                0x000000000800305c                TIM5_IRQHandler
                0x000000000800305c                I2C3_EV_IRQHandler
                0x000000000800305c                EXTI9_5_IRQHandler
                0x000000000800305c                RTC_WKUP_IRQHandler
                0x000000000800305c                PVD_PVM_IRQHandler
                0x000000000800305c                SPI2_IRQHandler
                0x000000000800305c                CAN1_TX_IRQHandler
                0x000000000800305c                DMA2_Channel5_IRQHandler
                0x000000000800305c                CRS_IRQHandler
                0x000000000800305c                DMA1_Channel5_IRQHandler
                0x000000000800305c                RNG_IRQHandler
                0x000000000800305c                TIM1_TRG_COM_TIM17_IRQHandler
                0x000000000800305c                COMP_IRQHandler
                0x000000000800305c                WWDG_IRQHandler
                0x000000000800305c                I2C4_EV_IRQHandler
                0x000000000800305c                LPUART1_IRQHandler
                0x000000000800305c                DMA2_Channel6_IRQHandler
                0x000000000800305c                TIM2_IRQHandler
                0x000000000800305c                EXTI1_IRQHandler
                0x000000000800305c                USART2_IRQHandler
                0x000000000800305c                DFSDM1_FLT0_IRQHandler
                0x000000000800305c                I2C2_ER_IRQHandler
                0x000000000800305c                TIM8_BRK_IRQHandler
                0x000000000800305c                CAN1_SCE_IRQHandler
                0x000000000800305c                FLASH_IRQHandler
                0x000000000800305c                USART1_IRQHandler
                0x000000000800305c                OTG_FS_IRQHandler
                0x000000000800305c                SPI3_IRQHandler
                0x000000000800305c                I2C1_ER_IRQHandler
                0x000000000800305c                FMC_IRQHandler
                0x000000000800305c                SWPMI1_IRQHandler
                0x000000000800305c                LPTIM1_IRQHandler
                0x000000000800305c                I2C4_ER_IRQHandler
                0x000000000800305c                SAI1_IRQHandler
                0x000000000800305c                DMA2_Channel3_IRQHandler
                0x000000000800305c                TIM1_BRK_TIM15_IRQHandler
 .text.HAL_Init
                0x000000000800305e       0x30 ./Drivers/STM32L4xx_HAL_Driver/Src/stm32l4xx_hal.o
                0x000000000800305e                HAL_Init
 *fill*         0x000000000800308e        0x2 
 .text.HAL_InitTick
                0x0000000008003090       0x78 ./Drivers/STM32L4xx_HAL_Driver/Src/stm32l4xx_hal.o
                0x0000000008003090                HAL_InitTick
 .text.HAL_IncTick
                0x0000000008003108       0x28 ./Drivers/STM32L4xx_HAL_Driver/Src/stm32l4xx_hal.o
                0x0000000008003108                HAL_IncTick
 .text.HAL_GetTick
                0x0000000008003130       0x18 ./Drivers/STM32L4xx_HAL_Driver/Src/stm32l4xx_hal.o
                0x0000000008003130                HAL_GetTick
 .text.HAL_Delay
                0x0000000008003148       0x48 ./Drivers/STM32L4xx_HAL_Driver/Src/stm32l4xx_hal.o
                0x0000000008003148                HAL_Delay
 .text.HAL_SuspendTick
                0x0000000008003190       0x20 ./Drivers/STM32L4xx_HAL_Driver/Src/stm32l4xx_hal.o
                0x0000000008003190                HAL_SuspendTick
 .text.HAL_ResumeTick
                0x00000000080031b0       0x20 ./Drivers/STM32L4xx_HAL_Driver/Src/stm32l4xx_hal.o
                0x00000000080031b0                HAL_ResumeTick
 .text.__NVIC_SetPriorityGrouping
                0x00000000080031d0       0x48 ./Drivers/STM32L4xx_HAL_Driver/Src/stm32l4xx_hal_cortex.o
 .text.__NVIC_GetPriorityGrouping
                0x0000000008003218       0x1c ./Drivers/STM32L4xx_HAL_Driver/Src/stm32l4xx_hal_cortex.o
 .text.__NVIC_EnableIRQ
                0x0000000008003234       0x3c ./Drivers/STM32L4xx_HAL_Driver/Src/stm32l4xx_hal_cortex.o
 .text.__NVIC_SetPriority
                0x0000000008003270       0x54 ./Drivers/STM32L4xx_HAL_Driver/Src/stm32l4xx_hal_cortex.o
 .text.NVIC_EncodePriority
                0x00000000080032c4       0x66 ./Drivers/STM32L4xx_HAL_Driver/Src/stm32l4xx_hal_cortex.o
 *fill*         0x000000000800332a        0x2 
 .text.__NVIC_SystemReset
                0x000000000800332c       0x2c ./Drivers/STM32L4xx_HAL_Driver/Src/stm32l4xx_hal_cortex.o
 .text.SysTick_Config
                0x0000000008003358       0x44 ./Drivers/STM32L4xx_HAL_Driver/Src/stm32l4xx_hal_cortex.o
 .text.HAL_NVIC_SetPriorityGrouping
                0x000000000800339c       0x16 ./Drivers/STM32L4xx_HAL_Driver/Src/stm32l4xx_hal_cortex.o
                0x000000000800339c                HAL_NVIC_SetPriorityGrouping
 .text.HAL_NVIC_SetPriority
                0x00000000080033b2       0x38 ./Drivers/STM32L4xx_HAL_Driver/Src/stm32l4xx_hal_cortex.o
                0x00000000080033b2                HAL_NVIC_SetPriority
 .text.HAL_NVIC_EnableIRQ
                0x00000000080033ea       0x1c ./Drivers/STM32L4xx_HAL_Driver/Src/stm32l4xx_hal_cortex.o
                0x00000000080033ea                HAL_NVIC_EnableIRQ
 .text.HAL_NVIC_SystemReset
                0x0000000008003406        0x8 ./Drivers/STM32L4xx_HAL_Driver/Src/stm32l4xx_hal_cortex.o
                0x0000000008003406                HAL_NVIC_SystemReset
 .text.HAL_SYSTICK_Config
                0x000000000800340e       0x18 ./Drivers/STM32L4xx_HAL_Driver/Src/stm32l4xx_hal_cortex.o
                0x000000000800340e                HAL_SYSTICK_Config
 .text.HAL_DAC_Init
                0x0000000008003426       0x44 ./Drivers/STM32L4xx_HAL_Driver/Src/stm32l4xx_hal_dac.o
                0x0000000008003426                HAL_DAC_Init
 .text.HAL_DAC_Start
                0x000000000800346a       0x9a ./Drivers/STM32L4xx_HAL_Driver/Src/stm32l4xx_hal_dac.o
                0x000000000800346a                HAL_DAC_Start
 .text.HAL_DAC_SetValue
                0x0000000008003504       0x4a ./Drivers/STM32L4xx_HAL_Driver/Src/stm32l4xx_hal_dac.o
                0x0000000008003504                HAL_DAC_SetValue
 .text.HAL_DAC_ConfigChannel
                0x000000000800354e      0x234 ./Drivers/STM32L4xx_HAL_Driver/Src/stm32l4xx_hal_dac.o
                0x000000000800354e                HAL_DAC_ConfigChannel
 *fill*         0x0000000008003782        0x2 
 .text.HAL_DMA_Init
                0x0000000008003784      0x170 ./Drivers/STM32L4xx_HAL_Driver/Src/stm32l4xx_hal_dma.o
                0x0000000008003784                HAL_DMA_Init
 .text.HAL_DMA_IRQHandler
                0x00000000080038f4      0x15e ./Drivers/STM32L4xx_HAL_Driver/Src/stm32l4xx_hal_dma.o
                0x00000000080038f4                HAL_DMA_IRQHandler
 *fill*         0x0000000008003a52        0x2 
 .text.HAL_GPIO_Init
                0x0000000008003a54      0x324 ./Drivers/STM32L4xx_HAL_Driver/Src/stm32l4xx_hal_gpio.o
                0x0000000008003a54                HAL_GPIO_Init
 .text.HAL_GPIO_ReadPin
                0x0000000008003d78       0x30 ./Drivers/STM32L4xx_HAL_Driver/Src/stm32l4xx_hal_gpio.o
                0x0000000008003d78                HAL_GPIO_ReadPin
 .text.HAL_GPIO_WritePin
                0x0000000008003da8       0x30 ./Drivers/STM32L4xx_HAL_Driver/Src/stm32l4xx_hal_gpio.o
                0x0000000008003da8                HAL_GPIO_WritePin
 .text.HAL_GPIO_TogglePin
                0x0000000008003dd8       0x34 ./Drivers/STM32L4xx_HAL_Driver/Src/stm32l4xx_hal_gpio.o
                0x0000000008003dd8                HAL_GPIO_TogglePin
 .text.HAL_GPIO_EXTI_IRQHandler
                0x0000000008003e0c       0x30 ./Drivers/STM32L4xx_HAL_Driver/Src/stm32l4xx_hal_gpio.o
                0x0000000008003e0c                HAL_GPIO_EXTI_IRQHandler
 .text.HAL_HCD_Init
                0x0000000008003e3c       0xc4 ./Drivers/STM32L4xx_HAL_Driver/Src/stm32l4xx_hal_hcd.o
                0x0000000008003e3c                HAL_HCD_Init
 .text.HAL_I2C_Init
                0x0000000008003f00      0x11e ./Drivers/STM32L4xx_HAL_Driver/Src/stm32l4xx_hal_i2c.o
                0x0000000008003f00                HAL_I2C_Init
 .text.HAL_I2CEx_ConfigAnalogFilter
                0x000000000800401e       0x96 ./Drivers/STM32L4xx_HAL_Driver/Src/stm32l4xx_hal_i2c_ex.o
                0x000000000800401e                HAL_I2CEx_ConfigAnalogFilter
 .text.HAL_I2CEx_ConfigDigitalFilter
                0x00000000080040b4       0x98 ./Drivers/STM32L4xx_HAL_Driver/Src/stm32l4xx_hal_i2c_ex.o
                0x00000000080040b4                HAL_I2CEx_ConfigDigitalFilter
 .text.HAL_PWREx_GetVoltageRange
                0x000000000800414c       0x1c ./Drivers/STM32L4xx_HAL_Driver/Src/stm32l4xx_hal_pwr_ex.o
                0x000000000800414c                HAL_PWREx_GetVoltageRange
 .text.HAL_PWREx_ControlVoltageScaling
                0x0000000008004168       0xac ./Drivers/STM32L4xx_HAL_Driver/Src/stm32l4xx_hal_pwr_ex.o
                0x0000000008004168                HAL_PWREx_ControlVoltageScaling
 .text.HAL_PWREx_EnableVddUSB
                0x0000000008004214       0x20 ./Drivers/STM32L4xx_HAL_Driver/Src/stm32l4xx_hal_pwr_ex.o
                0x0000000008004214                HAL_PWREx_EnableVddUSB
 .text.HAL_RCC_OscConfig
                0x0000000008004234      0x834 ./Drivers/STM32L4xx_HAL_Driver/Src/stm32l4xx_hal_rcc.o
                0x0000000008004234                HAL_RCC_OscConfig
 .text.HAL_RCC_ClockConfig
                0x0000000008004a68      0x200 ./Drivers/STM32L4xx_HAL_Driver/Src/stm32l4xx_hal_rcc.o
                0x0000000008004a68                HAL_RCC_ClockConfig
 .text.HAL_RCC_GetSysClockFreq
                0x0000000008004c68      0x118 ./Drivers/STM32L4xx_HAL_Driver/Src/stm32l4xx_hal_rcc.o
                0x0000000008004c68                HAL_RCC_GetSysClockFreq
 .text.HAL_RCC_GetHCLKFreq
                0x0000000008004d80       0x18 ./Drivers/STM32L4xx_HAL_Driver/Src/stm32l4xx_hal_rcc.o
                0x0000000008004d80                HAL_RCC_GetHCLKFreq
 .text.HAL_RCC_GetPCLK1Freq
                0x0000000008004d98       0x2c ./Drivers/STM32L4xx_HAL_Driver/Src/stm32l4xx_hal_rcc.o
                0x0000000008004d98                HAL_RCC_GetPCLK1Freq
 .text.HAL_RCC_GetPCLK2Freq
                0x0000000008004dc4       0x2c ./Drivers/STM32L4xx_HAL_Driver/Src/stm32l4xx_hal_rcc.o
                0x0000000008004dc4                HAL_RCC_GetPCLK2Freq
 .text.RCC_SetFlashLatencyFromMSIRange
                0x0000000008004df0       0xc0 ./Drivers/STM32L4xx_HAL_Driver/Src/stm32l4xx_hal_rcc.o
 .text.HAL_RCCEx_PeriphCLKConfig
                0x0000000008004eb0      0x5f8 ./Drivers/STM32L4xx_HAL_Driver/Src/stm32l4xx_hal_rcc_ex.o
                0x0000000008004eb0                HAL_RCCEx_PeriphCLKConfig
 .text.HAL_RCCEx_GetPeriphCLKFreq
                0x00000000080054a8      0xb70 ./Drivers/STM32L4xx_HAL_Driver/Src/stm32l4xx_hal_rcc_ex.o
                0x00000000080054a8                HAL_RCCEx_GetPeriphCLKFreq
 .text.RCCEx_PLLSAI1_Config
                0x0000000008006018      0x1e4 ./Drivers/STM32L4xx_HAL_Driver/Src/stm32l4xx_hal_rcc_ex.o
 .text.RCCEx_PLLSAI2_Config
                0x00000000080061fc      0x1b8 ./Drivers/STM32L4xx_HAL_Driver/Src/stm32l4xx_hal_rcc_ex.o
 .text.RCCEx_GetSAIxPeriphCLKFreq
                0x00000000080063b4      0x204 ./Drivers/STM32L4xx_HAL_Driver/Src/stm32l4xx_hal_rcc_ex.o
 .text.HAL_SD_Init
                0x00000000080065b8       0x60 ./Drivers/STM32L4xx_HAL_Driver/Src/stm32l4xx_hal_sd.o
                0x00000000080065b8                HAL_SD_Init
 .text.HAL_SD_InitCard
                0x0000000008006618      0x14c ./Drivers/STM32L4xx_HAL_Driver/Src/stm32l4xx_hal_sd.o
                0x0000000008006618                HAL_SD_InitCard
 .text.HAL_SD_ReadBlocks
                0x0000000008006764      0x3bc ./Drivers/STM32L4xx_HAL_Driver/Src/stm32l4xx_hal_sd.o
                0x0000000008006764                HAL_SD_ReadBlocks
 .text.HAL_SD_WriteBlocks
                0x0000000008006b20      0x30c ./Drivers/STM32L4xx_HAL_Driver/Src/stm32l4xx_hal_sd.o
                0x0000000008006b20                HAL_SD_WriteBlocks
 .text.HAL_SD_GetCardCSD
                0x0000000008006e2c      0x348 ./Drivers/STM32L4xx_HAL_Driver/Src/stm32l4xx_hal_sd.o
                0x0000000008006e2c                HAL_SD_GetCardCSD
 .text.HAL_SD_GetCardInfo
                0x0000000008007174       0x58 ./Drivers/STM32L4xx_HAL_Driver/Src/stm32l4xx_hal_sd.o
                0x0000000008007174                HAL_SD_GetCardInfo
 .text.HAL_SD_GetCardState
                0x00000000080071cc       0x40 ./Drivers/STM32L4xx_HAL_Driver/Src/stm32l4xx_hal_sd.o
                0x00000000080071cc                HAL_SD_GetCardState
 .text.SD_InitCard
                0x000000000800720c      0x19c ./Drivers/STM32L4xx_HAL_Driver/Src/stm32l4xx_hal_sd.o
 .text.SD_PowerON
                0x00000000080073a8      0x11c ./Drivers/STM32L4xx_HAL_Driver/Src/stm32l4xx_hal_sd.o
 .text.SD_SendStatus
                0x00000000080074c4       0x50 ./Drivers/STM32L4xx_HAL_Driver/Src/stm32l4xx_hal_sd.o
 .text.HAL_SPI_Init
                0x0000000008007514      0x146 ./Drivers/STM32L4xx_HAL_Driver/Src/stm32l4xx_hal_spi.o
                0x0000000008007514                HAL_SPI_Init
 .text.HAL_SPI_Transmit
                0x000000000800765a      0x2dc ./Drivers/STM32L4xx_HAL_Driver/Src/stm32l4xx_hal_spi.o
                0x000000000800765a                HAL_SPI_Transmit
 .text.HAL_SPI_Receive
                0x0000000008007936      0x260 ./Drivers/STM32L4xx_HAL_Driver/Src/stm32l4xx_hal_spi.o
                0x0000000008007936                HAL_SPI_Receive
 .text.HAL_SPI_TransmitReceive
                0x0000000008007b96      0x426 ./Drivers/STM32L4xx_HAL_Driver/Src/stm32l4xx_hal_spi.o
                0x0000000008007b96                HAL_SPI_TransmitReceive
 .text.SPI_WaitFlagStateUntilTimeout
                0x0000000008007fbc      0x110 ./Drivers/STM32L4xx_HAL_Driver/Src/stm32l4xx_hal_spi.o
 .text.SPI_WaitFifoStateUntilTimeout
                0x00000000080080cc      0x12c ./Drivers/STM32L4xx_HAL_Driver/Src/stm32l4xx_hal_spi.o
 .text.SPI_EndRxTransaction
                0x00000000080081f8       0xb0 ./Drivers/STM32L4xx_HAL_Driver/Src/stm32l4xx_hal_spi.o
 .text.SPI_EndRxTxTransaction
                0x00000000080082a8       0x8c ./Drivers/STM32L4xx_HAL_Driver/Src/stm32l4xx_hal_spi.o
 .text.HAL_TIM_Base_Init
                0x0000000008008334       0xae ./Drivers/STM32L4xx_HAL_Driver/Src/stm32l4xx_hal_tim.o
                0x0000000008008334                HAL_TIM_Base_Init
 .text.HAL_TIM_Base_Stop
                0x00000000080083e2       0x4e ./Drivers/STM32L4xx_HAL_Driver/Src/stm32l4xx_hal_tim.o
                0x00000000080083e2                HAL_TIM_Base_Stop
 .text.HAL_TIM_Base_Start_IT
                0x0000000008008430       0xe0 ./Drivers/STM32L4xx_HAL_Driver/Src/stm32l4xx_hal_tim.o
                0x0000000008008430                HAL_TIM_Base_Start_IT
 .text.HAL_TIM_IRQHandler
                0x0000000008008510      0x23e ./Drivers/STM32L4xx_HAL_Driver/Src/stm32l4xx_hal_tim.o
                0x0000000008008510                HAL_TIM_IRQHandler
 .text.HAL_TIM_OC_DelayElapsedCallback
                0x000000000800874e       0x14 ./Drivers/STM32L4xx_HAL_Driver/Src/stm32l4xx_hal_tim.o
                0x000000000800874e                HAL_TIM_OC_DelayElapsedCallback
 .text.HAL_TIM_IC_CaptureCallback
                0x0000000008008762       0x14 ./Drivers/STM32L4xx_HAL_Driver/Src/stm32l4xx_hal_tim.o
                0x0000000008008762                HAL_TIM_IC_CaptureCallback
 .text.HAL_TIM_PWM_PulseFinishedCallback
                0x0000000008008776       0x14 ./Drivers/STM32L4xx_HAL_Driver/Src/stm32l4xx_hal_tim.o
                0x0000000008008776                HAL_TIM_PWM_PulseFinishedCallback
 .text.HAL_TIM_TriggerCallback
                0x000000000800878a       0x14 ./Drivers/STM32L4xx_HAL_Driver/Src/stm32l4xx_hal_tim.o
                0x000000000800878a                HAL_TIM_TriggerCallback
 *fill*         0x000000000800879e        0x2 
 .text.TIM_Base_SetConfig
                0x00000000080087a0      0x134 ./Drivers/STM32L4xx_HAL_Driver/Src/stm32l4xx_hal_tim.o
                0x00000000080087a0                TIM_Base_SetConfig
 .text.HAL_TIMEx_CommutCallback
                0x00000000080088d4       0x14 ./Drivers/STM32L4xx_HAL_Driver/Src/stm32l4xx_hal_tim_ex.o
                0x00000000080088d4                HAL_TIMEx_CommutCallback
 .text.HAL_TIMEx_BreakCallback
                0x00000000080088e8       0x14 ./Drivers/STM32L4xx_HAL_Driver/Src/stm32l4xx_hal_tim_ex.o
                0x00000000080088e8                HAL_TIMEx_BreakCallback
 .text.HAL_TIMEx_Break2Callback
                0x00000000080088fc       0x14 ./Drivers/STM32L4xx_HAL_Driver/Src/stm32l4xx_hal_tim_ex.o
                0x00000000080088fc                HAL_TIMEx_Break2Callback
 .text.HAL_UART_Init
                0x0000000008008910       0x9c ./Drivers/STM32L4xx_HAL_Driver/Src/stm32l4xx_hal_uart.o
                0x0000000008008910                HAL_UART_Init
 .text.UART_SetConfig
                0x00000000080089ac      0x570 ./Drivers/STM32L4xx_HAL_Driver/Src/stm32l4xx_hal_uart.o
                0x00000000080089ac                UART_SetConfig
 .text.UART_AdvFeatureConfig
                0x0000000008008f1c      0x144 ./Drivers/STM32L4xx_HAL_Driver/Src/stm32l4xx_hal_uart.o
                0x0000000008008f1c                UART_AdvFeatureConfig
 .text.UART_CheckIdleState
                0x0000000008009060       0x92 ./Drivers/STM32L4xx_HAL_Driver/Src/stm32l4xx_hal_uart.o
                0x0000000008009060                UART_CheckIdleState
 .text.UART_WaitOnFlagUntilTimeout
                0x00000000080090f2      0x188 ./Drivers/STM32L4xx_HAL_Driver/Src/stm32l4xx_hal_uart.o
                0x00000000080090f2                UART_WaitOnFlagUntilTimeout
 .text.SDMMC_Init
                0x000000000800927a       0x5a ./Drivers/STM32L4xx_HAL_Driver/Src/stm32l4xx_ll_sdmmc.o
                0x000000000800927a                SDMMC_Init
 .text.SDMMC_ReadFIFO
                0x00000000080092d4       0x1a ./Drivers/STM32L4xx_HAL_Driver/Src/stm32l4xx_ll_sdmmc.o
                0x00000000080092d4                SDMMC_ReadFIFO
 .text.SDMMC_WriteFIFO
                0x00000000080092ee       0x22 ./Drivers/STM32L4xx_HAL_Driver/Src/stm32l4xx_ll_sdmmc.o
                0x00000000080092ee                SDMMC_WriteFIFO
 .text.SDMMC_PowerState_ON
                0x0000000008009310       0x1e ./Drivers/STM32L4xx_HAL_Driver/Src/stm32l4xx_ll_sdmmc.o
                0x0000000008009310                SDMMC_PowerState_ON
 .text.SDMMC_GetPowerState
                0x000000000800932e       0x1c ./Drivers/STM32L4xx_HAL_Driver/Src/stm32l4xx_ll_sdmmc.o
                0x000000000800932e                SDMMC_GetPowerState
 .text.SDMMC_SendCommand
                0x000000000800934a       0x54 ./Drivers/STM32L4xx_HAL_Driver/Src/stm32l4xx_ll_sdmmc.o
                0x000000000800934a                SDMMC_SendCommand
 .text.SDMMC_GetCommandResponse
                0x000000000800939e       0x1a ./Drivers/STM32L4xx_HAL_Driver/Src/stm32l4xx_ll_sdmmc.o
                0x000000000800939e                SDMMC_GetCommandResponse
 .text.SDMMC_GetResponse
                0x00000000080093b8       0x26 ./Drivers/STM32L4xx_HAL_Driver/Src/stm32l4xx_ll_sdmmc.o
                0x00000000080093b8                SDMMC_GetResponse
 .text.SDMMC_ConfigData
                0x00000000080093de       0x58 ./Drivers/STM32L4xx_HAL_Driver/Src/stm32l4xx_ll_sdmmc.o
                0x00000000080093de                SDMMC_ConfigData
 .text.SDMMC_CmdBlockLength
                0x0000000008009436       0x44 ./Drivers/STM32L4xx_HAL_Driver/Src/stm32l4xx_ll_sdmmc.o
                0x0000000008009436                SDMMC_CmdBlockLength
 .text.SDMMC_CmdReadSingleBlock
                0x000000000800947a       0x44 ./Drivers/STM32L4xx_HAL_Driver/Src/stm32l4xx_ll_sdmmc.o
                0x000000000800947a                SDMMC_CmdReadSingleBlock
 .text.SDMMC_CmdReadMultiBlock
                0x00000000080094be       0x44 ./Drivers/STM32L4xx_HAL_Driver/Src/stm32l4xx_ll_sdmmc.o
                0x00000000080094be                SDMMC_CmdReadMultiBlock
 .text.SDMMC_CmdWriteSingleBlock
                0x0000000008009502       0x44 ./Drivers/STM32L4xx_HAL_Driver/Src/stm32l4xx_ll_sdmmc.o
                0x0000000008009502                SDMMC_CmdWriteSingleBlock
 .text.SDMMC_CmdWriteMultiBlock
                0x0000000008009546       0x44 ./Drivers/STM32L4xx_HAL_Driver/Src/stm32l4xx_ll_sdmmc.o
                0x0000000008009546                SDMMC_CmdWriteMultiBlock
 *fill*         0x000000000800958a        0x2 
 .text.SDMMC_CmdStopTransfer
                0x000000000800958c       0x44 ./Drivers/STM32L4xx_HAL_Driver/Src/stm32l4xx_ll_sdmmc.o
                0x000000000800958c                SDMMC_CmdStopTransfer
 .text.SDMMC_CmdSelDesel
                0x00000000080095d0       0x46 ./Drivers/STM32L4xx_HAL_Driver/Src/stm32l4xx_ll_sdmmc.o
                0x00000000080095d0                SDMMC_CmdSelDesel
 .text.SDMMC_CmdGoIdleState
                0x0000000008009616       0x3c ./Drivers/STM32L4xx_HAL_Driver/Src/stm32l4xx_ll_sdmmc.o
                0x0000000008009616                SDMMC_CmdGoIdleState
 .text.SDMMC_CmdOperCond
                0x0000000008009652       0x3e ./Drivers/STM32L4xx_HAL_Driver/Src/stm32l4xx_ll_sdmmc.o
                0x0000000008009652                SDMMC_CmdOperCond
 .text.SDMMC_CmdAppCommand
                0x0000000008009690       0x44 ./Drivers/STM32L4xx_HAL_Driver/Src/stm32l4xx_ll_sdmmc.o
                0x0000000008009690                SDMMC_CmdAppCommand
 .text.SDMMC_CmdAppOperCommand
                0x00000000080096d4       0x46 ./Drivers/STM32L4xx_HAL_Driver/Src/stm32l4xx_ll_sdmmc.o
                0x00000000080096d4                SDMMC_CmdAppOperCommand
 .text.SDMMC_CmdSendCID
                0x000000000800971a       0x3c ./Drivers/STM32L4xx_HAL_Driver/Src/stm32l4xx_ll_sdmmc.o
                0x000000000800971a                SDMMC_CmdSendCID
 .text.SDMMC_CmdSendCSD
                0x0000000008009756       0x3e ./Drivers/STM32L4xx_HAL_Driver/Src/stm32l4xx_ll_sdmmc.o
                0x0000000008009756                SDMMC_CmdSendCSD
 .text.SDMMC_CmdSetRelAdd
                0x0000000008009794       0x42 ./Drivers/STM32L4xx_HAL_Driver/Src/stm32l4xx_ll_sdmmc.o
                0x0000000008009794                SDMMC_CmdSetRelAdd
 .text.SDMMC_CmdSendStatus
                0x00000000080097d6       0x44 ./Drivers/STM32L4xx_HAL_Driver/Src/stm32l4xx_ll_sdmmc.o
                0x00000000080097d6                SDMMC_CmdSendStatus
 *fill*         0x000000000800981a        0x2 
 .text.SDMMC_GetCmdResp1
                0x000000000800981c      0x1dc ./Drivers/STM32L4xx_HAL_Driver/Src/stm32l4xx_ll_sdmmc.o
                0x000000000800981c                SDMMC_GetCmdResp1
 .text.SDMMC_GetCmdResp2
                0x00000000080099f8       0x90 ./Drivers/STM32L4xx_HAL_Driver/Src/stm32l4xx_ll_sdmmc.o
                0x00000000080099f8                SDMMC_GetCmdResp2
 .text.SDMMC_GetCmdResp3
                0x0000000008009a88       0x7c ./Drivers/STM32L4xx_HAL_Driver/Src/stm32l4xx_ll_sdmmc.o
                0x0000000008009a88                SDMMC_GetCmdResp3
 .text.SDMMC_GetCmdResp6
                0x0000000008009b04       0xec ./Drivers/STM32L4xx_HAL_Driver/Src/stm32l4xx_ll_sdmmc.o
                0x0000000008009b04                SDMMC_GetCmdResp6
 .text.SDMMC_GetCmdResp7
                0x0000000008009bf0       0x9c ./Drivers/STM32L4xx_HAL_Driver/Src/stm32l4xx_ll_sdmmc.o
                0x0000000008009bf0                SDMMC_GetCmdResp7
 .text.SDMMC_GetCmdError
                0x0000000008009c8c       0x58 ./Drivers/STM32L4xx_HAL_Driver/Src/stm32l4xx_ll_sdmmc.o
 .text.USB_CoreInit
                0x0000000008009ce4       0x58 ./Drivers/STM32L4xx_HAL_Driver/Src/stm32l4xx_ll_usb.o
                0x0000000008009ce4                USB_CoreInit
 .text.USB_DisableGlobalInt
                0x0000000008009d3c       0x22 ./Drivers/STM32L4xx_HAL_Driver/Src/stm32l4xx_ll_usb.o
                0x0000000008009d3c                USB_DisableGlobalInt
 .text.USB_SetCurrentMode
                0x0000000008009d5e       0x98 ./Drivers/STM32L4xx_HAL_Driver/Src/stm32l4xx_ll_usb.o
                0x0000000008009d5e                USB_SetCurrentMode
 *fill*         0x0000000008009df6        0x2 
 .text.USB_FlushTxFifo
                0x0000000008009df8       0x68 ./Drivers/STM32L4xx_HAL_Driver/Src/stm32l4xx_ll_usb.o
                0x0000000008009df8                USB_FlushTxFifo
 .text.USB_FlushRxFifo
                0x0000000008009e60       0x60 ./Drivers/STM32L4xx_HAL_Driver/Src/stm32l4xx_ll_usb.o
                0x0000000008009e60                USB_FlushRxFifo
 .text.USB_GetMode
                0x0000000008009ec0       0x1c ./Drivers/STM32L4xx_HAL_Driver/Src/stm32l4xx_ll_usb.o
                0x0000000008009ec0                USB_GetMode
 .text.USB_CoreReset
                0x0000000008009edc       0x68 ./Drivers/STM32L4xx_HAL_Driver/Src/stm32l4xx_ll_usb.o
 .text.USB_HostInit
                0x0000000008009f44      0x104 ./Drivers/STM32L4xx_HAL_Driver/Src/stm32l4xx_ll_usb.o
                0x0000000008009f44                USB_HostInit
 .text.MX_FATFS_Init
                0x000000000800a048       0x24 ./FATFS/App/fatfs.o
                0x000000000800a048                MX_FATFS_Init
 .text.get_fattime
                0x000000000800a06c       0x10 ./FATFS/App/fatfs.o
                0x000000000800a06c                get_fattime
 .text.BSP_SD_Init
                0x000000000800a07c       0x30 ./FATFS/Target/bsp_driver_sd.o
                0x000000000800a07c                BSP_SD_Init
 .text.BSP_SD_ReadBlocks
                0x000000000800a0ac       0x3c ./FATFS/Target/bsp_driver_sd.o
                0x000000000800a0ac                BSP_SD_ReadBlocks
 .text.BSP_SD_WriteBlocks
                0x000000000800a0e8       0x3c ./FATFS/Target/bsp_driver_sd.o
                0x000000000800a0e8                BSP_SD_WriteBlocks
 .text.BSP_SD_GetCardState
                0x000000000800a124       0x20 ./FATFS/Target/bsp_driver_sd.o
                0x000000000800a124                BSP_SD_GetCardState
 .text.BSP_SD_GetCardInfo
                0x000000000800a144       0x1c ./FATFS/Target/bsp_driver_sd.o
                0x000000000800a144                BSP_SD_GetCardInfo
 .text.BSP_SD_IsDetected
                0x000000000800a160       0x24 ./FATFS/Target/bsp_driver_sd.o
                0x000000000800a160                BSP_SD_IsDetected
 .text.BSP_PlatformIsDetected
                0x000000000800a184       0x2c ./FATFS/Target/fatfs_platform.o
                0x000000000800a184                BSP_PlatformIsDetected
 .text.SD_CheckStatus
                0x000000000800a1b0       0x3c ./FATFS/Target/sd_diskio.o
 .text.SD_initialize
                0x000000000800a1ec       0x3c ./FATFS/Target/sd_diskio.o
                0x000000000800a1ec                SD_initialize
 .text.SD_status
                0x000000000800a228       0x1c ./FATFS/Target/sd_diskio.o
                0x000000000800a228                SD_status
 .text.SD_read  0x000000000800a244       0x42 ./FATFS/Target/sd_diskio.o
                0x000000000800a244                SD_read
 .text.SD_write
                0x000000000800a286       0x42 ./FATFS/Target/sd_diskio.o
                0x000000000800a286                SD_write
 .text.SD_ioctl
                0x000000000800a2c8       0xb0 ./FATFS/Target/sd_diskio.o
                0x000000000800a2c8                SD_ioctl
 .text.disk_status
                0x000000000800a378       0x34 ./Middlewares/Third_Party/FatFs/src/diskio.o
                0x000000000800a378                disk_status
 .text.disk_initialize
                0x000000000800a3ac       0x4c ./Middlewares/Third_Party/FatFs/src/diskio.o
                0x000000000800a3ac                disk_initialize
 .text.disk_read
                0x000000000800a3f8       0x40 ./Middlewares/Third_Party/FatFs/src/diskio.o
                0x000000000800a3f8                disk_read
 .text.disk_write
                0x000000000800a438       0x40 ./Middlewares/Third_Party/FatFs/src/diskio.o
                0x000000000800a438                disk_write
 .text.disk_ioctl
                0x000000000800a478       0x3c ./Middlewares/Third_Party/FatFs/src/diskio.o
                0x000000000800a478                disk_ioctl
 .text.ld_word  0x000000000800a4b4       0x30 ./Middlewares/Third_Party/FatFs/src/ff.o
 .text.ld_dword
                0x000000000800a4e4       0x46 ./Middlewares/Third_Party/FatFs/src/ff.o
 .text.st_word  0x000000000800a52a       0x36 ./Middlewares/Third_Party/FatFs/src/ff.o
 .text.st_dword
                0x000000000800a560       0x58 ./Middlewares/Third_Party/FatFs/src/ff.o
 .text.mem_cpy  0x000000000800a5b8       0x42 ./Middlewares/Third_Party/FatFs/src/ff.o
 .text.mem_set  0x000000000800a5fa       0x36 ./Middlewares/Third_Party/FatFs/src/ff.o
 .text.mem_cmp  0x000000000800a630       0x4e ./Middlewares/Third_Party/FatFs/src/ff.o
 .text.chk_chr  0x000000000800a67e       0x36 ./Middlewares/Third_Party/FatFs/src/ff.o
 .text.chk_lock
                0x000000000800a6b4       0xb8 ./Middlewares/Third_Party/FatFs/src/ff.o
 .text.enq_lock
                0x000000000800a76c       0x44 ./Middlewares/Third_Party/FatFs/src/ff.o
 .text.inc_lock
                0x000000000800a7b0      0x11c ./Middlewares/Third_Party/FatFs/src/ff.o
 .text.dec_lock
                0x000000000800a8cc       0x78 ./Middlewares/Third_Party/FatFs/src/ff.o
 .text.clear_lock
                0x000000000800a944       0x48 ./Middlewares/Third_Party/FatFs/src/ff.o
 .text.sync_window
                0x000000000800a98c       0x88 ./Middlewares/Third_Party/FatFs/src/ff.o
 .text.move_window
                0x000000000800aa14       0x5a ./Middlewares/Third_Party/FatFs/src/ff.o
 *fill*         0x000000000800aa6e        0x2 
 .text.sync_fs  0x000000000800aa70       0xe0 ./Middlewares/Third_Party/FatFs/src/ff.o
 .text.clust2sect
                0x000000000800ab50       0x3e ./Middlewares/Third_Party/FatFs/src/ff.o
 .text.get_fat  0x000000000800ab8e      0x1a8 ./Middlewares/Third_Party/FatFs/src/ff.o
 .text.put_fat  0x000000000800ad36      0x238 ./Middlewares/Third_Party/FatFs/src/ff.o
 .text.remove_chain
                0x000000000800af6e       0xca ./Middlewares/Third_Party/FatFs/src/ff.o
 .text.create_chain
                0x000000000800b038      0x130 ./Middlewares/Third_Party/FatFs/src/ff.o
 .text.clmt_clust
                0x000000000800b168       0x70 ./Middlewares/Third_Party/FatFs/src/ff.o
 .text.dir_sdi  0x000000000800b1d8      0x112 ./Middlewares/Third_Party/FatFs/src/ff.o
 .text.dir_next
                0x000000000800b2ea      0x1ac ./Middlewares/Third_Party/FatFs/src/ff.o
 .text.dir_alloc
                0x000000000800b496       0x8e ./Middlewares/Third_Party/FatFs/src/ff.o
 .text.ld_clust
                0x000000000800b524       0x3e ./Middlewares/Third_Party/FatFs/src/ff.o
 .text.st_clust
                0x000000000800b562       0x40 ./Middlewares/Third_Party/FatFs/src/ff.o
 .text.dir_find
                0x000000000800b5a2       0xaa ./Middlewares/Third_Party/FatFs/src/ff.o
 .text.dir_register
                0x000000000800b64c       0x64 ./Middlewares/Third_Party/FatFs/src/ff.o
 .text.create_name
                0x000000000800b6b0      0x128 ./Middlewares/Third_Party/FatFs/src/ff.o
 .text.follow_path
                0x000000000800b7d8       0xec ./Middlewares/Third_Party/FatFs/src/ff.o
 .text.get_ldnumber
                0x000000000800b8c4       0x88 ./Middlewares/Third_Party/FatFs/src/ff.o
 .text.check_fs
                0x000000000800b94c       0xac ./Middlewares/Third_Party/FatFs/src/ff.o
 .text.find_volume
                0x000000000800b9f8      0x500 ./Middlewares/Third_Party/FatFs/src/ff.o
 .text.validate
                0x000000000800bef8       0x6a ./Middlewares/Third_Party/FatFs/src/ff.o
 *fill*         0x000000000800bf62        0x2 
 .text.f_mount  0x000000000800bf64       0x8c ./Middlewares/Third_Party/FatFs/src/ff.o
                0x000000000800bf64                f_mount
 .text.f_open   0x000000000800bff0      0x398 ./Middlewares/Third_Party/FatFs/src/ff.o
                0x000000000800bff0                f_open
 .text.f_read   0x000000000800c388      0x2be ./Middlewares/Third_Party/FatFs/src/ff.o
                0x000000000800c388                f_read
 .text.f_write  0x000000000800c646      0x328 ./Middlewares/Third_Party/FatFs/src/ff.o
                0x000000000800c646                f_write
 .text.f_sync   0x000000000800c96e       0xfc ./Middlewares/Third_Party/FatFs/src/ff.o
                0x000000000800c96e                f_sync
 .text.f_close  0x000000000800ca6a       0x54 ./Middlewares/Third_Party/FatFs/src/ff.o
                0x000000000800ca6a                f_close
 .text.f_lseek  0x000000000800cabe      0x448 ./Middlewares/Third_Party/FatFs/src/ff.o
                0x000000000800cabe                f_lseek
 *fill*         0x000000000800cf06        0x2 
 .text.FATFS_LinkDriverEx
                0x000000000800cf08       0x98 ./Middlewares/Third_Party/FatFs/src/ff_gen_drv.o
                0x000000000800cf08                FATFS_LinkDriverEx
 .text.FATFS_LinkDriver
                0x000000000800cfa0       0x1e ./Middlewares/Third_Party/FatFs/src/ff_gen_drv.o
                0x000000000800cfa0                FATFS_LinkDriver
 *fill*         0x000000000800cfbe        0x2 
 .text.__errno  0x000000000800cfc0        0xc c:/devel/stm32cubeide_1.9.0/stm32cubeide/plugins/com.st.stm32cube.ide.mcu.externaltools.gnu-tools-for-stm32.10.3-2021.10.win32_1.0.0.202111181127/tools/bin/../lib/gcc/arm-none-eabi/10.3.1/../../../../arm-none-eabi/lib/thumb/v7e-m+fp/hard\libc_nano.a(lib_a-errno.o)
                0x000000000800cfc0                __errno
 .text.__libc_init_array
                0x000000000800cfcc       0x48 c:/devel/stm32cubeide_1.9.0/stm32cubeide/plugins/com.st.stm32cube.ide.mcu.externaltools.gnu-tools-for-stm32.10.3-2021.10.win32_1.0.0.202111181127/tools/bin/../lib/gcc/arm-none-eabi/10.3.1/../../../../arm-none-eabi/lib/thumb/v7e-m+fp/hard\libc_nano.a(lib_a-init.o)
                0x000000000800cfcc                __libc_init_array
 .text.memcpy   0x000000000800d014       0x1c c:/devel/stm32cubeide_1.9.0/stm32cubeide/plugins/com.st.stm32cube.ide.mcu.externaltools.gnu-tools-for-stm32.10.3-2021.10.win32_1.0.0.202111181127/tools/bin/../lib/gcc/arm-none-eabi/10.3.1/../../../../arm-none-eabi/lib/thumb/v7e-m+fp/hard\libc_nano.a(lib_a-memcpy-stub.o)
                0x000000000800d014                memcpy
 .text.memset   0x000000000800d030       0x10 c:/devel/stm32cubeide_1.9.0/stm32cubeide/plugins/com.st.stm32cube.ide.mcu.externaltools.gnu-tools-for-stm32.10.3-2021.10.win32_1.0.0.202111181127/tools/bin/../lib/gcc/arm-none-eabi/10.3.1/../../../../arm-none-eabi/lib/thumb/v7e-m+fp/hard\libc_nano.a(lib_a-memset.o)
                0x000000000800d030                memset
 .text.sprintf  0x000000000800d040       0x40 c:/devel/stm32cubeide_1.9.0/stm32cubeide/plugins/com.st.stm32cube.ide.mcu.externaltools.gnu-tools-for-stm32.10.3-2021.10.win32_1.0.0.202111181127/tools/bin/../lib/gcc/arm-none-eabi/10.3.1/../../../../arm-none-eabi/lib/thumb/v7e-m+fp/hard\libc_nano.a(lib_a-sprintf.o)
                0x000000000800d040                siprintf
                0x000000000800d040                sprintf
 .text.__ssputs_r
                0x000000000800d080       0xb6 c:/devel/stm32cubeide_1.9.0/stm32cubeide/plugins/com.st.stm32cube.ide.mcu.externaltools.gnu-tools-for-stm32.10.3-2021.10.win32_1.0.0.202111181127/tools/bin/../lib/gcc/arm-none-eabi/10.3.1/../../../../arm-none-eabi/lib/thumb/v7e-m+fp/hard\libc_nano.a(lib_a-nano-svfprintf.o)
                0x000000000800d080                __ssputs_r
 *fill*         0x000000000800d136        0x2 
 .text._svfprintf_r
                0x000000000800d138      0x200 c:/devel/stm32cubeide_1.9.0/stm32cubeide/plugins/com.st.stm32cube.ide.mcu.externaltools.gnu-tools-for-stm32.10.3-2021.10.win32_1.0.0.202111181127/tools/bin/../lib/gcc/arm-none-eabi/10.3.1/../../../../arm-none-eabi/lib/thumb/v7e-m+fp/hard\libc_nano.a(lib_a-nano-svfprintf.o)
                0x000000000800d138                _svfiprintf_r
                0x000000000800d138                _svfprintf_r
 .text._printf_common
                0x000000000800d338       0xda c:/devel/stm32cubeide_1.9.0/stm32cubeide/plugins/com.st.stm32cube.ide.mcu.externaltools.gnu-tools-for-stm32.10.3-2021.10.win32_1.0.0.202111181127/tools/bin/../lib/gcc/arm-none-eabi/10.3.1/../../../../arm-none-eabi/lib/thumb/v7e-m+fp/hard\libc_nano.a(lib_a-nano-vfprintf_i.o)
                0x000000000800d338                _printf_common
 *fill*         0x000000000800d412        0x2 
 .text._printf_i
                0x000000000800d414      0x24c c:/devel/stm32cubeide_1.9.0/stm32cubeide/plugins/com.st.stm32cube.ide.mcu.externaltools.gnu-tools-for-stm32.10.3-2021.10.win32_1.0.0.202111181127/tools/bin/../lib/gcc/arm-none-eabi/10.3.1/../../../../arm-none-eabi/lib/thumb/v7e-m+fp/hard\libc_nano.a(lib_a-nano-vfprintf_i.o)
                0x000000000800d414                _printf_i
 .text.memmove  0x000000000800d660       0x34 c:/devel/stm32cubeide_1.9.0/stm32cubeide/plugins/com.st.stm32cube.ide.mcu.externaltools.gnu-tools-for-stm32.10.3-2021.10.win32_1.0.0.202111181127/tools/bin/../lib/gcc/arm-none-eabi/10.3.1/../../../../arm-none-eabi/lib/thumb/v7e-m+fp/hard\libc_nano.a(lib_a-memmove.o)
                0x000000000800d660                memmove
 .text._free_r  0x000000000800d694       0x98 c:/devel/stm32cubeide_1.9.0/stm32cubeide/plugins/com.st.stm32cube.ide.mcu.externaltools.gnu-tools-for-stm32.10.3-2021.10.win32_1.0.0.202111181127/tools/bin/../lib/gcc/arm-none-eabi/10.3.1/../../../../arm-none-eabi/lib/thumb/v7e-m+fp/hard\libc_nano.a(lib_a-nano-freer.o)
                0x000000000800d694                _free_r
 .text.sbrk_aligned
                0x000000000800d72c       0x40 c:/devel/stm32cubeide_1.9.0/stm32cubeide/plugins/com.st.stm32cube.ide.mcu.externaltools.gnu-tools-for-stm32.10.3-2021.10.win32_1.0.0.202111181127/tools/bin/../lib/gcc/arm-none-eabi/10.3.1/../../../../arm-none-eabi/lib/thumb/v7e-m+fp/hard\libc_nano.a(lib_a-nano-mallocr.o)
 .text._malloc_r
                0x000000000800d76c       0xe8 c:/devel/stm32cubeide_1.9.0/stm32cubeide/plugins/com.st.stm32cube.ide.mcu.externaltools.gnu-tools-for-stm32.10.3-2021.10.win32_1.0.0.202111181127/tools/bin/../lib/gcc/arm-none-eabi/10.3.1/../../../../arm-none-eabi/lib/thumb/v7e-m+fp/hard\libc_nano.a(lib_a-nano-mallocr.o)
                0x000000000800d76c                _malloc_r
 .text._realloc_r
                0x000000000800d854       0x5e c:/devel/stm32cubeide_1.9.0/stm32cubeide/plugins/com.st.stm32cube.ide.mcu.externaltools.gnu-tools-for-stm32.10.3-2021.10.win32_1.0.0.202111181127/tools/bin/../lib/gcc/arm-none-eabi/10.3.1/../../../../arm-none-eabi/lib/thumb/v7e-m+fp/hard\libc_nano.a(lib_a-nano-reallocr.o)
                0x000000000800d854                _realloc_r
 *fill*         0x000000000800d8b2        0x2 
 .text._sbrk_r  0x000000000800d8b4       0x20 c:/devel/stm32cubeide_1.9.0/stm32cubeide/plugins/com.st.stm32cube.ide.mcu.externaltools.gnu-tools-for-stm32.10.3-2021.10.win32_1.0.0.202111181127/tools/bin/../lib/gcc/arm-none-eabi/10.3.1/../../../../arm-none-eabi/lib/thumb/v7e-m+fp/hard\libc_nano.a(lib_a-sbrkr.o)
                0x000000000800d8b4                _sbrk_r
 .text.__malloc_lock
                0x000000000800d8d4        0xc c:/devel/stm32cubeide_1.9.0/stm32cubeide/plugins/com.st.stm32cube.ide.mcu.externaltools.gnu-tools-for-stm32.10.3-2021.10.win32_1.0.0.202111181127/tools/bin/../lib/gcc/arm-none-eabi/10.3.1/../../../../arm-none-eabi/lib/thumb/v7e-m+fp/hard\libc_nano.a(lib_a-mlock.o)
                0x000000000800d8d4                __malloc_lock
 .text.__malloc_unlock
                0x000000000800d8e0        0xc c:/devel/stm32cubeide_1.9.0/stm32cubeide/plugins/com.st.stm32cube.ide.mcu.externaltools.gnu-tools-for-stm32.10.3-2021.10.win32_1.0.0.202111181127/tools/bin/../lib/gcc/arm-none-eabi/10.3.1/../../../../arm-none-eabi/lib/thumb/v7e-m+fp/hard\libc_nano.a(lib_a-mlock.o)
                0x000000000800d8e0                __malloc_unlock
 .text._malloc_usable_size_r
                0x000000000800d8ec       0x10 c:/devel/stm32cubeide_1.9.0/stm32cubeide/plugins/com.st.stm32cube.ide.mcu.externaltools.gnu-tools-for-stm32.10.3-2021.10.win32_1.0.0.202111181127/tools/bin/../lib/gcc/arm-none-eabi/10.3.1/../../../../arm-none-eabi/lib/thumb/v7e-m+fp/hard\libc_nano.a(lib_a-nano-msizer.o)
                0x000000000800d8ec                _malloc_usable_size_r
 .text.__retarget_lock_acquire_recursive
                0x000000000800d8fc        0x2 c:/devel/stm32cubeide_1.9.0/stm32cubeide/plugins/com.st.stm32cube.ide.mcu.externaltools.gnu-tools-for-stm32.10.3-2021.10.win32_1.0.0.202111181127/tools/bin/../lib/gcc/arm-none-eabi/10.3.1/../../../../arm-none-eabi/lib/thumb/v7e-m+fp/hard\libc_nano.a(lib_a-lock.o)
                0x000000000800d8fc                __retarget_lock_acquire_recursive
 .text.__retarget_lock_release_recursive
                0x000000000800d8fe        0x2 c:/devel/stm32cubeide_1.9.0/stm32cubeide/plugins/com.st.stm32cube.ide.mcu.externaltools.gnu-tools-for-stm32.10.3-2021.10.win32_1.0.0.202111181127/tools/bin/../lib/gcc/arm-none-eabi/10.3.1/../../../../arm-none-eabi/lib/thumb/v7e-m+fp/hard\libc_nano.a(lib_a-lock.o)
                0x000000000800d8fe                __retarget_lock_release_recursive
 .text.pow      0x000000000800d900       0xe0 c:/devel/stm32cubeide_1.9.0/stm32cubeide/plugins/com.st.stm32cube.ide.mcu.externaltools.gnu-tools-for-stm32.10.3-2021.10.win32_1.0.0.202111181127/tools/bin/../lib/gcc/arm-none-eabi/10.3.1/../../../../arm-none-eabi/lib/thumb/v7e-m+fp/hard\libm.a(lib_a-w_pow.o)
                0x000000000800d900                pow
 .text.__ieee754_pow
                0x000000000800d9e0      0xa5c c:/devel/stm32cubeide_1.9.0/stm32cubeide/plugins/com.st.stm32cube.ide.mcu.externaltools.gnu-tools-for-stm32.10.3-2021.10.win32_1.0.0.202111181127/tools/bin/../lib/gcc/arm-none-eabi/10.3.1/../../../../arm-none-eabi/lib/thumb/v7e-m+fp/hard\libm.a(lib_a-e_pow.o)
                0x000000000800d9e0                __ieee754_pow
 .text.__ieee754_sqrt
                0x000000000800e43c      0x164 c:/devel/stm32cubeide_1.9.0/stm32cubeide/plugins/com.st.stm32cube.ide.mcu.externaltools.gnu-tools-for-stm32.10.3-2021.10.win32_1.0.0.202111181127/tools/bin/../lib/gcc/arm-none-eabi/10.3.1/../../../../arm-none-eabi/lib/thumb/v7e-m+fp/hard\libm.a(lib_a-e_sqrt.o)
                0x000000000800e43c                __ieee754_sqrt
 .text.with_errno
                0x000000000800e5a0       0x14 c:/devel/stm32cubeide_1.9.0/stm32cubeide/plugins/com.st.stm32cube.ide.mcu.externaltools.gnu-tools-for-stm32.10.3-2021.10.win32_1.0.0.202111181127/tools/bin/../lib/gcc/arm-none-eabi/10.3.1/../../../../arm-none-eabi/lib/thumb/v7e-m+fp/hard\libm.a(lib_a-math_err.o)
 .text.xflow    0x000000000800e5b4       0x28 c:/devel/stm32cubeide_1.9.0/stm32cubeide/plugins/com.st.stm32cube.ide.mcu.externaltools.gnu-tools-for-stm32.10.3-2021.10.win32_1.0.0.202111181127/tools/bin/../lib/gcc/arm-none-eabi/10.3.1/../../../../arm-none-eabi/lib/thumb/v7e-m+fp/hard\libm.a(lib_a-math_err.o)
 .text.__math_uflow
                0x000000000800e5dc       0x12 c:/devel/stm32cubeide_1.9.0/stm32cubeide/plugins/com.st.stm32cube.ide.mcu.externaltools.gnu-tools-for-stm32.10.3-2021.10.win32_1.0.0.202111181127/tools/bin/../lib/gcc/arm-none-eabi/10.3.1/../../../../arm-none-eabi/lib/thumb/v7e-m+fp/hard\libm.a(lib_a-math_err.o)
                0x000000000800e5dc                __math_uflow
 .text.__math_oflow
                0x000000000800e5ee       0x12 c:/devel/stm32cubeide_1.9.0/stm32cubeide/plugins/com.st.stm32cube.ide.mcu.externaltools.gnu-tools-for-stm32.10.3-2021.10.win32_1.0.0.202111181127/tools/bin/../lib/gcc/arm-none-eabi/10.3.1/../../../../arm-none-eabi/lib/thumb/v7e-m+fp/hard\libm.a(lib_a-math_err.o)
                0x000000000800e5ee                __math_oflow
 .text.fabs     0x000000000800e600       0x12 c:/devel/stm32cubeide_1.9.0/stm32cubeide/plugins/com.st.stm32cube.ide.mcu.externaltools.gnu-tools-for-stm32.10.3-2021.10.win32_1.0.0.202111181127/tools/bin/../lib/gcc/arm-none-eabi/10.3.1/../../../../arm-none-eabi/lib/thumb/v7e-m+fp/hard\libm.a(lib_a-s_fabs.o)
                0x000000000800e600                fabs
 .text.finite   0x000000000800e612       0x16 c:/devel/stm32cubeide_1.9.0/stm32cubeide/plugins/com.st.stm32cube.ide.mcu.externaltools.gnu-tools-for-stm32.10.3-2021.10.win32_1.0.0.202111181127/tools/bin/../lib/gcc/arm-none-eabi/10.3.1/../../../../arm-none-eabi/lib/thumb/v7e-m+fp/hard\libm.a(lib_a-s_finite.o)
                0x000000000800e612                finite
 .text.scalbn   0x000000000800e628      0x10c c:/devel/stm32cubeide_1.9.0/stm32cubeide/plugins/com.st.stm32cube.ide.mcu.externaltools.gnu-tools-for-stm32.10.3-2021.10.win32_1.0.0.202111181127/tools/bin/../lib/gcc/arm-none-eabi/10.3.1/../../../../arm-none-eabi/lib/thumb/v7e-m+fp/hard\libm.a(lib_a-s_scalbn.o)
                0x000000000800e628                scalbn
 *(.glue_7)
 .glue_7        0x000000000800e734        0x0 linker stubs
 *(.glue_7t)
 .glue_7t       0x000000000800e734        0x0 linker stubs
 *(.eh_frame)
 .eh_frame      0x000000000800e734        0x0 c:/devel/stm32cubeide_1.9.0/stm32cubeide/plugins/com.st.stm32cube.ide.mcu.externaltools.gnu-tools-for-stm32.10.3-2021.10.win32_1.0.0.202111181127/tools/bin/../lib/gcc/arm-none-eabi/10.3.1/thumb/v7e-m+fp/hard/crtbegin.o
 *(.init)
 .init          0x000000000800e734        0x4 c:/devel/stm32cubeide_1.9.0/stm32cubeide/plugins/com.st.stm32cube.ide.mcu.externaltools.gnu-tools-for-stm32.10.3-2021.10.win32_1.0.0.202111181127/tools/bin/../lib/gcc/arm-none-eabi/10.3.1/thumb/v7e-m+fp/hard/crti.o
                0x000000000800e734                _init
 .init          0x000000000800e738        0x8 c:/devel/stm32cubeide_1.9.0/stm32cubeide/plugins/com.st.stm32cube.ide.mcu.externaltools.gnu-tools-for-stm32.10.3-2021.10.win32_1.0.0.202111181127/tools/bin/../lib/gcc/arm-none-eabi/10.3.1/thumb/v7e-m+fp/hard/crtn.o
 *(.fini)
 .fini          0x000000000800e740        0x4 c:/devel/stm32cubeide_1.9.0/stm32cubeide/plugins/com.st.stm32cube.ide.mcu.externaltools.gnu-tools-for-stm32.10.3-2021.10.win32_1.0.0.202111181127/tools/bin/../lib/gcc/arm-none-eabi/10.3.1/thumb/v7e-m+fp/hard/crti.o
                0x000000000800e740                _fini
 .fini          0x000000000800e744        0x8 c:/devel/stm32cubeide_1.9.0/stm32cubeide/plugins/com.st.stm32cube.ide.mcu.externaltools.gnu-tools-for-stm32.10.3-2021.10.win32_1.0.0.202111181127/tools/bin/../lib/gcc/arm-none-eabi/10.3.1/thumb/v7e-m+fp/hard/crtn.o
                0x000000000800e74c                . = ALIGN (0x4)
                0x000000000800e74c                _etext = .

.vfp11_veneer   0x000000000800e74c        0x0
 .vfp11_veneer  0x000000000800e74c        0x0 linker stubs

.v4_bx          0x000000000800e74c        0x0
 .v4_bx         0x000000000800e74c        0x0 linker stubs

.iplt           0x000000000800e74c        0x0
 .iplt          0x000000000800e74c        0x0 c:/devel/stm32cubeide_1.9.0/stm32cubeide/plugins/com.st.stm32cube.ide.mcu.externaltools.gnu-tools-for-stm32.10.3-2021.10.win32_1.0.0.202111181127/tools/bin/../lib/gcc/arm-none-eabi/10.3.1/thumb/v7e-m+fp/hard/crtbegin.o

.rodata         0x000000000800e750      0x1b0
                0x000000000800e750                . = ALIGN (0x4)
 *(.rodata)
 .rodata        0x000000000800e750       0x49 ./Core/Src/main.o
 *fill*         0x000000000800e799        0x3 
 .rodata        0x000000000800e79c        0x9 ./Core/Src/sd_card_func.o
 *fill*         0x000000000800e7a5        0x3 
 .rodata        0x000000000800e7a8        0xf ./Middlewares/Third_Party/FatFs/src/ff.o
 *(.rodata*)
 *fill*         0x000000000800e7b7        0x1 
 .rodata.TAB_SIZE
                0x000000000800e7b8        0x4 ./Core/Src/main.o
                0x000000000800e7b8                TAB_SIZE
 .rodata.AHBPrescTable
                0x000000000800e7bc       0x10 ./Core/Src/system_stm32l4xx.o
                0x000000000800e7bc                AHBPrescTable
 .rodata.APBPrescTable
                0x000000000800e7cc        0x8 ./Core/Src/system_stm32l4xx.o
                0x000000000800e7cc                APBPrescTable
 .rodata.MSIRangeTable
                0x000000000800e7d4       0x30 ./Core/Src/system_stm32l4xx.o
                0x000000000800e7d4                MSIRangeTable
 .rodata.SD_Driver
                0x000000000800e804       0x14 ./FATFS/Target/sd_diskio.o
                0x000000000800e804                SD_Driver
 .rodata.ExCvt  0x000000000800e818       0x80 ./Middlewares/Third_Party/FatFs/src/ff.o
 .rodata._svfprintf_r.str1.1
                0x000000000800e898       0x11 c:/devel/stm32cubeide_1.9.0/stm32cubeide/plugins/com.st.stm32cube.ide.mcu.externaltools.gnu-tools-for-stm32.10.3-2021.10.win32_1.0.0.202111181127/tools/bin/../lib/gcc/arm-none-eabi/10.3.1/../../../../arm-none-eabi/lib/thumb/v7e-m+fp/hard\libc_nano.a(lib_a-nano-svfprintf.o)
 .rodata._printf_i.str1.1
                0x000000000800e8a9       0x22 c:/devel/stm32cubeide_1.9.0/stm32cubeide/plugins/com.st.stm32cube.ide.mcu.externaltools.gnu-tools-for-stm32.10.3-2021.10.win32_1.0.0.202111181127/tools/bin/../lib/gcc/arm-none-eabi/10.3.1/../../../../arm-none-eabi/lib/thumb/v7e-m+fp/hard\libc_nano.a(lib_a-nano-vfprintf_i.o)
 *fill*         0x000000000800e8cb        0x5 
 .rodata.bp     0x000000000800e8d0       0x10 c:/devel/stm32cubeide_1.9.0/stm32cubeide/plugins/com.st.stm32cube.ide.mcu.externaltools.gnu-tools-for-stm32.10.3-2021.10.win32_1.0.0.202111181127/tools/bin/../lib/gcc/arm-none-eabi/10.3.1/../../../../arm-none-eabi/lib/thumb/v7e-m+fp/hard\libm.a(lib_a-e_pow.o)
 .rodata.dp_h   0x000000000800e8e0       0x10 c:/devel/stm32cubeide_1.9.0/stm32cubeide/plugins/com.st.stm32cube.ide.mcu.externaltools.gnu-tools-for-stm32.10.3-2021.10.win32_1.0.0.202111181127/tools/bin/../lib/gcc/arm-none-eabi/10.3.1/../../../../arm-none-eabi/lib/thumb/v7e-m+fp/hard\libm.a(lib_a-e_pow.o)
 .rodata.dp_l   0x000000000800e8f0       0x10 c:/devel/stm32cubeide_1.9.0/stm32cubeide/plugins/com.st.stm32cube.ide.mcu.externaltools.gnu-tools-for-stm32.10.3-2021.10.win32_1.0.0.202111181127/tools/bin/../lib/gcc/arm-none-eabi/10.3.1/../../../../arm-none-eabi/lib/thumb/v7e-m+fp/hard\libm.a(lib_a-e_pow.o)
                0x000000000800e900                . = ALIGN (0x4)

.ARM.extab      0x000000000800e900        0x0
                0x000000000800e900                . = ALIGN (0x4)
 *(.ARM.extab* .gnu.linkonce.armextab.*)
                0x000000000800e900                . = ALIGN (0x4)

.ARM            0x000000000800e900        0x8
                0x000000000800e900                . = ALIGN (0x4)
                0x000000000800e900                __exidx_start = .
 *(.ARM.exidx*)
 .ARM.exidx     0x000000000800e900        0x8 c:/devel/stm32cubeide_1.9.0/stm32cubeide/plugins/com.st.stm32cube.ide.mcu.externaltools.gnu-tools-for-stm32.10.3-2021.10.win32_1.0.0.202111181127/tools/bin/../lib/gcc/arm-none-eabi/10.3.1/thumb/v7e-m+fp/hard\libgcc.a(_udivmoddi4.o)
                0x000000000800e908                __exidx_end = .
                0x000000000800e908                . = ALIGN (0x4)

.rel.dyn        0x000000000800e908        0x0
 .rel.iplt      0x000000000800e908        0x0 c:/devel/stm32cubeide_1.9.0/stm32cubeide/plugins/com.st.stm32cube.ide.mcu.externaltools.gnu-tools-for-stm32.10.3-2021.10.win32_1.0.0.202111181127/tools/bin/../lib/gcc/arm-none-eabi/10.3.1/thumb/v7e-m+fp/hard/crtbegin.o

.preinit_array  0x000000000800e908        0x0
                0x000000000800e908                . = ALIGN (0x4)
                0x000000000800e908                PROVIDE (__preinit_array_start = .)
 *(.preinit_array*)
                0x000000000800e908                PROVIDE (__preinit_array_end = .)
                0x000000000800e908                . = ALIGN (0x4)

.init_array     0x000000000800e908        0x4
                0x000000000800e908                . = ALIGN (0x4)
                0x000000000800e908                PROVIDE (__init_array_start = .)
 *(SORT_BY_NAME(.init_array.*))
 *(.init_array*)
 .init_array    0x000000000800e908        0x4 c:/devel/stm32cubeide_1.9.0/stm32cubeide/plugins/com.st.stm32cube.ide.mcu.externaltools.gnu-tools-for-stm32.10.3-2021.10.win32_1.0.0.202111181127/tools/bin/../lib/gcc/arm-none-eabi/10.3.1/thumb/v7e-m+fp/hard/crtbegin.o
                0x000000000800e90c                PROVIDE (__init_array_end = .)
                0x000000000800e90c                . = ALIGN (0x4)

.fini_array     0x000000000800e90c        0x4
                0x000000000800e90c                . = ALIGN (0x4)
                [!provide]                        PROVIDE (__fini_array_start = .)
 *(SORT_BY_NAME(.fini_array.*))
 *(.fini_array*)
 .fini_array    0x000000000800e90c        0x4 c:/devel/stm32cubeide_1.9.0/stm32cubeide/plugins/com.st.stm32cube.ide.mcu.externaltools.gnu-tools-for-stm32.10.3-2021.10.win32_1.0.0.202111181127/tools/bin/../lib/gcc/arm-none-eabi/10.3.1/thumb/v7e-m+fp/hard/crtbegin.o
                [!provide]                        PROVIDE (__fini_array_end = .)
                0x000000000800e910                . = ALIGN (0x4)
                0x000000000800e910                _sidata = LOADADDR (.data)

.data           0x0000000020000000       0x78 load address 0x000000000800e910
                0x0000000020000000                . = ALIGN (0x4)
                0x0000000020000000                _sdata = .
 *(.data)
 *(.data*)
 .data.TX_Data_FRAM_REG
                0x0000000020000000        0x1 ./Core/Src/fram_func.o
                0x0000000020000000                TX_Data_FRAM_REG
 .data.TX_Data_FRAM_RESET
                0x0000000020000001        0x1 ./Core/Src/fram_func.o
                0x0000000020000001                TX_Data_FRAM_RESET
 .data.LED_STATE
                0x0000000020000002        0x1 ./Core/Src/main.o
                0x0000000020000002                LED_STATE
 .data.reset    0x0000000020000003        0x1 ./Core/Src/main.o
                0x0000000020000003                reset
 .data.start    0x0000000020000004        0x1 ./Core/Src/main.o
                0x0000000020000004                start
 .data.acqu     0x0000000020000005        0x1 ./Core/Src/main.o
                0x0000000020000005                acqu
 *fill*         0x0000000020000006        0x2 
 .data.SystemCoreClock
                0x0000000020000008        0x4 ./Core/Src/system_stm32l4xx.o
                0x0000000020000008                SystemCoreClock
 .data.uwTickPrio
                0x000000002000000c        0x4 ./Drivers/STM32L4xx_HAL_Driver/Src/stm32l4xx_hal.o
                0x000000002000000c                uwTickPrio
 .data.uwTickFreq
                0x0000000020000010        0x1 ./Drivers/STM32L4xx_HAL_Driver/Src/stm32l4xx_hal.o
                0x0000000020000010                uwTickFreq
 .data.Stat     0x0000000020000011        0x1 ./FATFS/Target/sd_diskio.o
 *fill*         0x0000000020000012        0x2 
 .data._impure_ptr
                0x0000000020000014        0x4 c:/devel/stm32cubeide_1.9.0/stm32cubeide/plugins/com.st.stm32cube.ide.mcu.externaltools.gnu-tools-for-stm32.10.3-2021.10.win32_1.0.0.202111181127/tools/bin/../lib/gcc/arm-none-eabi/10.3.1/../../../../arm-none-eabi/lib/thumb/v7e-m+fp/hard\libc_nano.a(lib_a-impure.o)
                0x0000000020000014                _impure_ptr
 .data.impure_data
                0x0000000020000018       0x60 c:/devel/stm32cubeide_1.9.0/stm32cubeide/plugins/com.st.stm32cube.ide.mcu.externaltools.gnu-tools-for-stm32.10.3-2021.10.win32_1.0.0.202111181127/tools/bin/../lib/gcc/arm-none-eabi/10.3.1/../../../../arm-none-eabi/lib/thumb/v7e-m+fp/hard\libc_nano.a(lib_a-impure.o)
 *(.RamFunc)
 *(.RamFunc*)
                0x0000000020000078                . = ALIGN (0x4)
                0x0000000020000078                _edata = .

.igot.plt       0x0000000020000078        0x0 load address 0x000000000800e988
 .igot.plt      0x0000000020000078        0x0 c:/devel/stm32cubeide_1.9.0/stm32cubeide/plugins/com.st.stm32cube.ide.mcu.externaltools.gnu-tools-for-stm32.10.3-2021.10.win32_1.0.0.202111181127/tools/bin/../lib/gcc/arm-none-eabi/10.3.1/thumb/v7e-m+fp/hard/crtbegin.o
                0x0000000020000078                . = ALIGN (0x4)

.bss            0x0000000020000078     0x3778 load address 0x000000000800e988
                0x0000000020000078                _sbss = .
                0x0000000020000078                __bss_start__ = _sbss
 *(.bss)
 .bss           0x0000000020000078       0x1c c:/devel/stm32cubeide_1.9.0/stm32cubeide/plugins/com.st.stm32cube.ide.mcu.externaltools.gnu-tools-for-stm32.10.3-2021.10.win32_1.0.0.202111181127/tools/bin/../lib/gcc/arm-none-eabi/10.3.1/thumb/v7e-m+fp/hard/crtbegin.o
 *(.bss*)
 .bss.RX_SAMPLE
                0x0000000020000094        0x2 ./Core/Src/fram_func.o
                0x0000000020000094                RX_SAMPLE
 *fill*         0x0000000020000096        0x2 
 .bss.RX_FRAM_READ
                0x0000000020000098        0x6 ./Core/Src/fram_func.o
                0x0000000020000098                RX_FRAM_READ
 *fill*         0x000000002000009e        0x2 
 .bss.hdac1     0x00000000200000a0       0x14 ./Core/Src/main.o
                0x00000000200000a0                hdac1
 .bss.hi2c1     0x00000000200000b4       0x54 ./Core/Src/main.o
                0x00000000200000b4                hi2c1
 .bss.hi2c2     0x0000000020000108       0x54 ./Core/Src/main.o
                0x0000000020000108                hi2c2
 .bss.hsd1      0x000000002000015c       0x84 ./Core/Src/main.o
                0x000000002000015c                hsd1
 .bss.hspi1     0x00000000200001e0       0x64 ./Core/Src/main.o
                0x00000000200001e0                hspi1
 .bss.hspi2     0x0000000020000244       0x64 ./Core/Src/main.o
                0x0000000020000244                hspi2
 .bss.hdma_spi1_rx
                0x00000000200002a8       0x48 ./Core/Src/main.o
                0x00000000200002a8                hdma_spi1_rx
 .bss.hdma_spi1_tx
                0x00000000200002f0       0x48 ./Core/Src/main.o
                0x00000000200002f0                hdma_spi1_tx
 .bss.htim16    0x0000000020000338       0x4c ./Core/Src/main.o
                0x0000000020000338                htim16
 .bss.huart1    0x0000000020000384       0x84 ./Core/Src/main.o
                0x0000000020000384                huart1
 .bss.hhcd_USB_OTG_FS
                0x0000000020000408      0x304 ./Core/Src/main.o
                0x0000000020000408                hhcd_USB_OTG_FS
 .bss.res_sd    0x000000002000070c        0x1 ./Core/Src/sd_card_func.o
                0x000000002000070c                res_sd
 *fill*         0x000000002000070d        0x3 
 .bss.byteswritten_sd
                0x0000000020000710        0x4 ./Core/Src/sd_card_func.o
                0x0000000020000710                byteswritten_sd
 .bss.bytesread_sd
                0x0000000020000714        0x4 ./Core/Src/sd_card_func.o
                0x0000000020000714                bytesread_sd
 .bss.rtext_    0x0000000020000718     0x1000 ./Core/Src/sd_card_func.o
                0x0000000020000718                rtext_
 .bss.init_Value
                0x0000000020001718       0x20 ./Core/Src/sd_card_func.o
                0x0000000020001718                init_Value
 .bss.__sbrk_heap_end
                0x0000000020001738        0x4 ./Core/Src/sysmem.o
 .bss.uwTick    0x000000002000173c        0x4 ./Drivers/STM32L4xx_HAL_Driver/Src/stm32l4xx_hal.o
                0x000000002000173c                uwTick
 .bss.retSD     0x0000000020001740        0x1 ./FATFS/App/fatfs.o
                0x0000000020001740                retSD
 *fill*         0x0000000020001741        0x3 
 .bss.SDPath    0x0000000020001744        0x4 ./FATFS/App/fatfs.o
                0x0000000020001744                SDPath
 .bss.SDFatFS   0x0000000020001748     0x1034 ./FATFS/App/fatfs.o
                0x0000000020001748                SDFatFS
 .bss.SDFile    0x000000002000277c     0x1030 ./FATFS/App/fatfs.o
                0x000000002000277c                SDFile
 .bss.FatFs     0x00000000200037ac        0x4 ./Middlewares/Third_Party/FatFs/src/ff.o
 .bss.Fsid      0x00000000200037b0        0x2 ./Middlewares/Third_Party/FatFs/src/ff.o
 *fill*         0x00000000200037b2        0x2 
 .bss.Files     0x00000000200037b4       0x20 ./Middlewares/Third_Party/FatFs/src/ff.o
 .bss.disk      0x00000000200037d4        0xc ./Middlewares/Third_Party/FatFs/src/ff_gen_drv.o
                0x00000000200037d4                disk
 .bss.__malloc_free_list
                0x00000000200037e0        0x4 c:/devel/stm32cubeide_1.9.0/stm32cubeide/plugins/com.st.stm32cube.ide.mcu.externaltools.gnu-tools-for-stm32.10.3-2021.10.win32_1.0.0.202111181127/tools/bin/../lib/gcc/arm-none-eabi/10.3.1/../../../../arm-none-eabi/lib/thumb/v7e-m+fp/hard\libc_nano.a(lib_a-nano-mallocr.o)
                0x00000000200037e0                __malloc_free_list
 .bss.__malloc_sbrk_start
                0x00000000200037e4        0x4 c:/devel/stm32cubeide_1.9.0/stm32cubeide/plugins/com.st.stm32cube.ide.mcu.externaltools.gnu-tools-for-stm32.10.3-2021.10.win32_1.0.0.202111181127/tools/bin/../lib/gcc/arm-none-eabi/10.3.1/../../../../arm-none-eabi/lib/thumb/v7e-m+fp/hard\libc_nano.a(lib_a-nano-mallocr.o)
                0x00000000200037e4                __malloc_sbrk_start
 .bss.errno     0x00000000200037e8        0x4 c:/devel/stm32cubeide_1.9.0/stm32cubeide/plugins/com.st.stm32cube.ide.mcu.externaltools.gnu-tools-for-stm32.10.3-2021.10.win32_1.0.0.202111181127/tools/bin/../lib/gcc/arm-none-eabi/10.3.1/../../../../arm-none-eabi/lib/thumb/v7e-m+fp/hard\libc_nano.a(lib_a-reent.o)
                0x00000000200037e8                errno
 .bss.__lock___malloc_recursive_mutex
                0x00000000200037ec        0x1 c:/devel/stm32cubeide_1.9.0/stm32cubeide/plugins/com.st.stm32cube.ide.mcu.externaltools.gnu-tools-for-stm32.10.3-2021.10.win32_1.0.0.202111181127/tools/bin/../lib/gcc/arm-none-eabi/10.3.1/../../../../arm-none-eabi/lib/thumb/v7e-m+fp/hard\libc_nano.a(lib_a-lock.o)
                0x00000000200037ec                __lock___malloc_recursive_mutex
 *(COMMON)
                0x00000000200037f0                . = ALIGN (0x4)
 *fill*         0x00000000200037ed        0x3 
                0x00000000200037f0                _ebss = .
                0x00000000200037f0                __bss_end__ = _ebss

._user_heap_stack
                0x00000000200037f0     0x2000 load address 0x000000000800e988
                0x00000000200037f0                . = ALIGN (0x8)
                [!provide]                        PROVIDE (end = .)
                0x00000000200037f0                PROVIDE (_end = .)
                0x00000000200047f0                . = (. + _Min_Heap_Size)
 *fill*         0x00000000200037f0     0x1000 
                0x00000000200057f0                . = (. + _Min_Stack_Size)
 *fill*         0x00000000200047f0     0x1000 
                0x00000000200057f0                . = ALIGN (0x8)

/DISCARD/
 libc.a(*)
 libm.a(*)
 libgcc.a(*)

.ARM.attributes
                0x0000000000000000       0x30
 *(.ARM.attributes)
 .ARM.attributes
                0x0000000000000000       0x1e c:/devel/stm32cubeide_1.9.0/stm32cubeide/plugins/com.st.stm32cube.ide.mcu.externaltools.gnu-tools-for-stm32.10.3-2021.10.win32_1.0.0.202111181127/tools/bin/../lib/gcc/arm-none-eabi/10.3.1/thumb/v7e-m+fp/hard/crti.o
 .ARM.attributes
                0x000000000000001e       0x34 c:/devel/stm32cubeide_1.9.0/stm32cubeide/plugins/com.st.stm32cube.ide.mcu.externaltools.gnu-tools-for-stm32.10.3-2021.10.win32_1.0.0.202111181127/tools/bin/../lib/gcc/arm-none-eabi/10.3.1/thumb/v7e-m+fp/hard/crtbegin.o
 .ARM.attributes
                0x0000000000000052       0x34 ./Core/Src/fram_func.o
 .ARM.attributes
                0x0000000000000086       0x34 ./Core/Src/isrs.o
 .ARM.attributes
                0x00000000000000ba       0x34 ./Core/Src/main.o
 .ARM.attributes
                0x00000000000000ee       0x34 ./Core/Src/sd_card_func.o
 .ARM.attributes
                0x0000000000000122       0x34 ./Core/Src/stm32l4xx_hal_msp.o
 .ARM.attributes
                0x0000000000000156       0x34 ./Core/Src/stm32l4xx_it.o
 .ARM.attributes
                0x000000000000018a       0x34 ./Core/Src/sysmem.o
 .ARM.attributes
                0x00000000000001be       0x34 ./Core/Src/system_stm32l4xx.o
 .ARM.attributes
                0x00000000000001f2       0x21 ./Core/Startup/startup_stm32l496rgtx.o
 .ARM.attributes
                0x0000000000000213       0x34 ./Drivers/STM32L4xx_HAL_Driver/Src/stm32l4xx_hal.o
 .ARM.attributes
                0x0000000000000247       0x34 ./Drivers/STM32L4xx_HAL_Driver/Src/stm32l4xx_hal_cortex.o
 .ARM.attributes
                0x000000000000027b       0x34 ./Drivers/STM32L4xx_HAL_Driver/Src/stm32l4xx_hal_dac.o
 .ARM.attributes
                0x00000000000002af       0x34 ./Drivers/STM32L4xx_HAL_Driver/Src/stm32l4xx_hal_dma.o
 .ARM.attributes
                0x00000000000002e3       0x34 ./Drivers/STM32L4xx_HAL_Driver/Src/stm32l4xx_hal_gpio.o
 .ARM.attributes
                0x0000000000000317       0x34 ./Drivers/STM32L4xx_HAL_Driver/Src/stm32l4xx_hal_hcd.o
 .ARM.attributes
                0x000000000000034b       0x34 ./Drivers/STM32L4xx_HAL_Driver/Src/stm32l4xx_hal_i2c.o
 .ARM.attributes
                0x000000000000037f       0x34 ./Drivers/STM32L4xx_HAL_Driver/Src/stm32l4xx_hal_i2c_ex.o
 .ARM.attributes
                0x00000000000003b3       0x34 ./Drivers/STM32L4xx_HAL_Driver/Src/stm32l4xx_hal_pwr_ex.o
 .ARM.attributes
                0x00000000000003e7       0x34 ./Drivers/STM32L4xx_HAL_Driver/Src/stm32l4xx_hal_rcc.o
 .ARM.attributes
                0x000000000000041b       0x34 ./Drivers/STM32L4xx_HAL_Driver/Src/stm32l4xx_hal_rcc_ex.o
 .ARM.attributes
                0x000000000000044f       0x34 ./Drivers/STM32L4xx_HAL_Driver/Src/stm32l4xx_hal_sd.o
 .ARM.attributes
                0x0000000000000483       0x34 ./Drivers/STM32L4xx_HAL_Driver/Src/stm32l4xx_hal_spi.o
 .ARM.attributes
                0x00000000000004b7       0x34 ./Drivers/STM32L4xx_HAL_Driver/Src/stm32l4xx_hal_tim.o
 .ARM.attributes
                0x00000000000004eb       0x34 ./Drivers/STM32L4xx_HAL_Driver/Src/stm32l4xx_hal_tim_ex.o
 .ARM.attributes
                0x000000000000051f       0x34 ./Drivers/STM32L4xx_HAL_Driver/Src/stm32l4xx_hal_uart.o
 .ARM.attributes
                0x0000000000000553       0x34 ./Drivers/STM32L4xx_HAL_Driver/Src/stm32l4xx_ll_sdmmc.o
 .ARM.attributes
                0x0000000000000587       0x34 ./Drivers/STM32L4xx_HAL_Driver/Src/stm32l4xx_ll_usb.o
 .ARM.attributes
                0x00000000000005bb       0x34 ./FATFS/App/fatfs.o
 .ARM.attributes
                0x00000000000005ef       0x34 ./FATFS/Target/bsp_driver_sd.o
 .ARM.attributes
                0x0000000000000623       0x34 ./FATFS/Target/fatfs_platform.o
 .ARM.attributes
                0x0000000000000657       0x34 ./FATFS/Target/sd_diskio.o
 .ARM.attributes
                0x000000000000068b       0x34 ./Middlewares/Third_Party/FatFs/src/diskio.o
 .ARM.attributes
                0x00000000000006bf       0x34 ./Middlewares/Third_Party/FatFs/src/ff.o
 .ARM.attributes
                0x00000000000006f3       0x34 ./Middlewares/Third_Party/FatFs/src/ff_gen_drv.o
 .ARM.attributes
                0x0000000000000727       0x34 c:/devel/stm32cubeide_1.9.0/stm32cubeide/plugins/com.st.stm32cube.ide.mcu.externaltools.gnu-tools-for-stm32.10.3-2021.10.win32_1.0.0.202111181127/tools/bin/../lib/gcc/arm-none-eabi/10.3.1/../../../../arm-none-eabi/lib/thumb/v7e-m+fp/hard\libc_nano.a(lib_a-errno.o)
 .ARM.attributes
                0x000000000000075b       0x34 c:/devel/stm32cubeide_1.9.0/stm32cubeide/plugins/com.st.stm32cube.ide.mcu.externaltools.gnu-tools-for-stm32.10.3-2021.10.win32_1.0.0.202111181127/tools/bin/../lib/gcc/arm-none-eabi/10.3.1/../../../../arm-none-eabi/lib/thumb/v7e-m+fp/hard\libc_nano.a(lib_a-impure.o)
 .ARM.attributes
                0x000000000000078f       0x34 c:/devel/stm32cubeide_1.9.0/stm32cubeide/plugins/com.st.stm32cube.ide.mcu.externaltools.gnu-tools-for-stm32.10.3-2021.10.win32_1.0.0.202111181127/tools/bin/../lib/gcc/arm-none-eabi/10.3.1/../../../../arm-none-eabi/lib/thumb/v7e-m+fp/hard\libc_nano.a(lib_a-init.o)
 .ARM.attributes
                0x00000000000007c3       0x34 c:/devel/stm32cubeide_1.9.0/stm32cubeide/plugins/com.st.stm32cube.ide.mcu.externaltools.gnu-tools-for-stm32.10.3-2021.10.win32_1.0.0.202111181127/tools/bin/../lib/gcc/arm-none-eabi/10.3.1/../../../../arm-none-eabi/lib/thumb/v7e-m+fp/hard\libc_nano.a(lib_a-memcpy-stub.o)
 .ARM.attributes
                0x00000000000007f7       0x34 c:/devel/stm32cubeide_1.9.0/stm32cubeide/plugins/com.st.stm32cube.ide.mcu.externaltools.gnu-tools-for-stm32.10.3-2021.10.win32_1.0.0.202111181127/tools/bin/../lib/gcc/arm-none-eabi/10.3.1/../../../../arm-none-eabi/lib/thumb/v7e-m+fp/hard\libc_nano.a(lib_a-memset.o)
 .ARM.attributes
                0x000000000000082b       0x34 c:/devel/stm32cubeide_1.9.0/stm32cubeide/plugins/com.st.stm32cube.ide.mcu.externaltools.gnu-tools-for-stm32.10.3-2021.10.win32_1.0.0.202111181127/tools/bin/../lib/gcc/arm-none-eabi/10.3.1/../../../../arm-none-eabi/lib/thumb/v7e-m+fp/hard\libc_nano.a(lib_a-sprintf.o)
 .ARM.attributes
                0x000000000000085f       0x34 c:/devel/stm32cubeide_1.9.0/stm32cubeide/plugins/com.st.stm32cube.ide.mcu.externaltools.gnu-tools-for-stm32.10.3-2021.10.win32_1.0.0.202111181127/tools/bin/../lib/gcc/arm-none-eabi/10.3.1/../../../../arm-none-eabi/lib/thumb/v7e-m+fp/hard\libc_nano.a(lib_a-nano-svfprintf.o)
 .ARM.attributes
                0x0000000000000893       0x34 c:/devel/stm32cubeide_1.9.0/stm32cubeide/plugins/com.st.stm32cube.ide.mcu.externaltools.gnu-tools-for-stm32.10.3-2021.10.win32_1.0.0.202111181127/tools/bin/../lib/gcc/arm-none-eabi/10.3.1/../../../../arm-none-eabi/lib/thumb/v7e-m+fp/hard\libc_nano.a(lib_a-nano-vfprintf_i.o)
 .ARM.attributes
                0x00000000000008c7       0x1c c:/devel/stm32cubeide_1.9.0/stm32cubeide/plugins/com.st.stm32cube.ide.mcu.externaltools.gnu-tools-for-stm32.10.3-2021.10.win32_1.0.0.202111181127/tools/bin/../lib/gcc/arm-none-eabi/10.3.1/../../../../arm-none-eabi/lib/thumb/v7e-m+fp/hard\libc_nano.a(lib_a-memchr.o)
 .ARM.attributes